Archive member included because of file (symbol)

/home/formica/toolchains/gcc-arm-none-eabi-4_7-2012q4/bin/../lib/gcc/arm-none-eabi/4.7.3/armv7-m/libgcc.a(_arm_addsubdf3.o)
                              build/obj/main.o (__aeabi_dadd)
/home/formica/toolchains/gcc-arm-none-eabi-4_7-2012q4/bin/../lib/gcc/arm-none-eabi/4.7.3/armv7-m/libgcc.a(_arm_muldivdf3.o)
                              build/obj/main.o (__aeabi_dmul)
/home/formica/toolchains/gcc-arm-none-eabi-4_7-2012q4/bin/../lib/gcc/arm-none-eabi/4.7.3/armv7-m/libgcc.a(_arm_truncdfsf2.o)
                              build/obj/main.o (__aeabi_d2f)
/home/formica/toolchains/gcc-arm-none-eabi-4_7-2012q4/bin/../lib/gcc/arm-none-eabi/4.7.3/armv7-m/libgcc.a(_arm_addsubsf3.o)
                              build/obj/main.o (__aeabi_fsub)
/home/formica/toolchains/gcc-arm-none-eabi-4_7-2012q4/bin/../lib/gcc/arm-none-eabi/4.7.3/armv7-m/libgcc.a(_arm_muldivsf3.o)
                              build/obj/main.o (__aeabi_fmul)
/home/formica/toolchains/gcc-arm-none-eabi-4_7-2012q4/bin/../lib/gcc/arm-none-eabi/4.7.3/armv7-m/libgcc.a(_arm_fixsfsi.o)
                              build/obj/main.o (__aeabi_f2iz)
/home/formica/toolchains/gcc-arm-none-eabi-4_7-2012q4/bin/../lib/gcc/arm-none-eabi/4.7.3/../../../../arm-none-eabi/lib/armv7-m/libc.a(lib_a-memset.o)
                              build/obj/usb.o (memset)
/home/formica/toolchains/gcc-arm-none-eabi-4_7-2012q4/bin/../lib/gcc/arm-none-eabi/4.7.3/../../../../arm-none-eabi/lib/armv7-m/libc.a(lib_a-strcasecmp.o)
                              build/obj/shell.o (strcasecmp)
/home/formica/toolchains/gcc-arm-none-eabi-4_7-2012q4/bin/../lib/gcc/arm-none-eabi/4.7.3/../../../../arm-none-eabi/lib/armv7-m/libc.a(lib_a-strchr.o)
                              build/obj/shell.o (strchr)
/home/formica/toolchains/gcc-arm-none-eabi-4_7-2012q4/bin/../lib/gcc/arm-none-eabi/4.7.3/../../../../arm-none-eabi/lib/armv7-m/libc.a(lib_a-strspn.o)
                              build/obj/shell.o (strspn)
/home/formica/toolchains/gcc-arm-none-eabi-4_7-2012q4/bin/../lib/gcc/arm-none-eabi/4.7.3/../../../../arm-none-eabi/lib/armv7-m/libc.a(lib_a-ctype_.o)
                              /home/formica/toolchains/gcc-arm-none-eabi-4_7-2012q4/bin/../lib/gcc/arm-none-eabi/4.7.3/../../../../arm-none-eabi/lib/armv7-m/libc.a(lib_a-strcasecmp.o) (__ctype_ptr__)

Discarded input sections

 .text          0x00000000        0x0 build/obj/crt0.o
 .data          0x00000000        0x0 build/obj/crt0.o
 .bss           0x00000000        0x0 build/obj/crt0.o
 .text.__early_init
                0x00000000       0x10 build/obj/crt0.o
 .text          0x00000000        0x0 build/obj/vectors.o
 .data          0x00000000        0x0 build/obj/vectors.o
 .bss           0x00000000        0x0 build/obj/vectors.o
 .text          0x00000000        0x0 build/obj/chcore.o
 .data          0x00000000        0x0 build/obj/chcore.o
 .bss           0x00000000        0x0 build/obj/chcore.o
 .text          0x00000000        0x0 build/obj/chcore_v7m.o
 .data          0x00000000        0x0 build/obj/chcore_v7m.o
 .bss           0x00000000        0x0 build/obj/chcore_v7m.o
 .text          0x00000000        0x0 build/obj/nvic.o
 .data          0x00000000        0x0 build/obj/nvic.o
 .bss           0x00000000        0x0 build/obj/nvic.o
 .text.nvicDisableVector
                0x00000000       0x40 build/obj/nvic.o
 .text          0x00000000        0x0 build/obj/chsys.o
 .data          0x00000000        0x0 build/obj/chsys.o
 .bss           0x00000000        0x0 build/obj/chsys.o
 .text          0x00000000        0x0 build/obj/chdebug.o
 .data          0x00000000        0x0 build/obj/chdebug.o
 .bss           0x00000000        0x0 build/obj/chdebug.o
 .text.dbg_check_disable
                0x00000000       0x30 build/obj/chdebug.o
 .text.dbg_check_suspend
                0x00000000       0x30 build/obj/chdebug.o
 .text          0x00000000        0x0 build/obj/chlists.o
 .data          0x00000000        0x0 build/obj/chlists.o
 .bss           0x00000000        0x0 build/obj/chlists.o
 .debug_info    0x00000000       0x6e build/obj/chlists.o
 .debug_abbrev  0x00000000       0x24 build/obj/chlists.o
 .debug_aranges
                0x00000000       0x18 build/obj/chlists.o
 .debug_line    0x00000000       0x1d build/obj/chlists.o
 .debug_str     0x00000000      0x111 build/obj/chlists.o
 .comment       0x00000000       0x71 build/obj/chlists.o
 .ARM.attributes
                0x00000000       0x33 build/obj/chlists.o
 .text          0x00000000        0x0 build/obj/chvt.o
 .data          0x00000000        0x0 build/obj/chvt.o
 .bss           0x00000000        0x0 build/obj/chvt.o
 .text.chTimeIsWithin
                0x00000000       0x30 build/obj/chvt.o
 .text          0x00000000        0x0 build/obj/chschd.o
 .data          0x00000000        0x0 build/obj/chschd.o
 .bss           0x00000000        0x0 build/obj/chschd.o
 .text.chSchRescheduleS
[...]
Memory Configuration

Name             Origin             Length             Attributes
flash            0x08000000         0x00020000
ram              0x20000000         0x00005000
*default*        0x00000000         0xffffffff

Linker script and memory map

LOAD build/obj/crt0.o
LOAD build/obj/vectors.o
LOAD build/obj/chcore.o
LOAD build/obj/chcore_v7m.o
LOAD build/obj/nvic.o
LOAD build/obj/chsys.o
LOAD build/obj/chdebug.o
LOAD build/obj/chlists.o
LOAD build/obj/chvt.o
LOAD build/obj/chschd.o
LOAD build/obj/chthreads.o
LOAD build/obj/chdynamic.o
LOAD build/obj/chregistry.o
LOAD build/obj/chsem.o
LOAD build/obj/chmtx.o
LOAD build/obj/chcond.o
LOAD build/obj/chevents.o
LOAD build/obj/chmsg.o
LOAD build/obj/chmboxes.o
LOAD build/obj/chqueues.o
LOAD build/obj/chmemcore.o
LOAD build/obj/chheap.o
LOAD build/obj/chmempools.o
LOAD build/obj/test.o
LOAD build/obj/testthd.o
LOAD build/obj/testsem.o
LOAD build/obj/testmtx.o
LOAD build/obj/testmsg.o
LOAD build/obj/testmbox.o
LOAD build/obj/testevt.o
LOAD build/obj/testheap.o
LOAD build/obj/testpools.o
LOAD build/obj/testdyn.o
LOAD build/obj/testqueues.o
LOAD build/obj/testbmk.o
LOAD build/obj/hal.o
LOAD build/obj/adc.o
LOAD build/obj/can.o
LOAD build/obj/ext.o
LOAD build/obj/gpt.o
LOAD build/obj/i2c.o
LOAD build/obj/icu.o
LOAD build/obj/mac.o
LOAD build/obj/pal.o
LOAD build/obj/pwm.o
LOAD build/obj/sdc.o
LOAD build/obj/serial.o
LOAD build/obj/spi.o
LOAD build/obj/uart.o
LOAD build/obj/usb.o
LOAD build/obj/tm.o
LOAD build/obj/mmc_spi.o
LOAD build/obj/serial_usb.o
LOAD build/obj/rtc.o
LOAD build/obj/stm32_dma.o
LOAD build/obj/hal_lld.o
LOAD build/obj/adc_lld.o
LOAD build/obj/can_lld.o
LOAD build/obj/ext_lld.o
LOAD build/obj/gpt_lld.o
LOAD build/obj/i2c_lld.o
LOAD build/obj/icu_lld.o
LOAD build/obj/mac_lld.o
LOAD build/obj/pwm_lld.o
LOAD build/obj/serial_lld.o
LOAD build/obj/sdc_lld.o
LOAD build/obj/spi_lld.o
LOAD build/obj/uart_lld.o
LOAD build/obj/pal_lld.o
LOAD build/obj/usb_lld.o
LOAD build/obj/rtc_lld.o
LOAD build/obj/board.o
LOAD build/obj/shell.o
LOAD build/obj/chprintf.o
LOAD build/obj/main.o
LOAD build/obj/i2c_setup.o
LOAD build/obj/blctrl20.o
START GROUP
LOAD /home/formica/toolchains/gcc-arm-none-eabi-4_7-2012q4/bin/../lib/gcc/arm-none-eabi/4.7.3/armv7-m/libgcc.a
LOAD /home/formica/toolchains/gcc-arm-none-eabi-4_7-2012q4/bin/../lib/gcc/arm-none-eabi/4.7.3/../../../../arm-none-eabi/lib/armv7-m/libc.a
END GROUP
                0x00000400                __main_stack_size__ = 0x400
                0x00000400                __process_stack_size__ = 0x400
                0x20000000                __ram_start__ = ORIGIN (ram)
                0x00005000                __ram_size__ = 0x5000
                0x20005000                __ram_end__ = (__ram_start__ + __ram_size__)
                0x00000000                . = 0x0
                0x00000000                _text = .

startup         0x08000000       0xec
 *(vectors)
 vectors        0x08000000       0xec build/obj/vectors.o
                0x08000000                _vectors

constructors    0x080000ec        0x0
                0x080000ec                PROVIDE (__init_array_start, .)
 *(SORT(.init_array.*))
 *(.init_array)
                0x080000ec                PROVIDE (__init_array_end, .)

destructors     0x080000ec        0x0
                0x080000ec                PROVIDE (__fini_array_start, .)
 *(.fini_array)
 *(SORT(.fini_array.*))
                0x080000ec                PROVIDE (__fini_array_end, .)

.text           0x080000f0     0x5f0c
 *(.text.startup.*)
 .text.startup.main
                0x080000f0      0x490 build/obj/main.o
                0x080000f0                main
 *(.text)
 .text          0x08000580      0x370 /home/formica/toolchains/gcc-arm-none-eabi-4_7-2012q4/bin/../lib/gcc/arm-none-eabi/4.7.3/armv7-m/libgcc.a(_arm_addsubdf3.o)
                0x08000580                __aeabi_drsub
                0x08000588                __aeabi_dsub
                0x08000588                __subdf3
                0x0800058c                __adddf3
                0x0800058c                __aeabi_dadd
                0x08000804                __aeabi_ui2d
                0x08000804                __floatunsidf
                0x08000824                __floatsidf
                0x08000824                __aeabi_i2d
                0x08000848                __extendsfdf2
                0x08000848                __aeabi_f2d
                0x08000884                __aeabi_ul2d
                0x08000884                __floatundidf
                0x08000894                __floatdidf
                0x08000894                __aeabi_l2d
 .text          0x080008f0      0x424 /home/formica/toolchains/gcc-arm-none-eabi-4_7-2012q4/bin/../lib/gcc/arm-none-eabi/4.7.3/armv7-m/libgcc.a(_arm_muldivdf3.o)
                0x080008f0                __aeabi_dmul
                0x080008f0                __muldf3
                0x08000b44                __aeabi_ddiv
                0x08000b44                __divdf3
 *fill*         0x08000d14        0xc 00
 .text          0x08000d20       0xa0 /home/formica/toolchains/gcc-arm-none-eabi-4_7-2012q4/bin/../lib/gcc/arm-none-eabi/4.7.3/armv7-m/libgcc.a(_arm_truncdfsf2.o)
                0x08000d20                __aeabi_d2f
                0x08000d20                __truncdfsf2
 .text          0x08000dc0      0x21c /home/formica/toolchains/gcc-arm-none-eabi-4_7-2012q4/bin/../lib/gcc/arm-none-eabi/4.7.3/armv7-m/libgcc.a(_arm_addsubsf3.o)
                0x08000dc0                __aeabi_frsub
                0x08000dc8                __subsf3
                0x08000dc8                __aeabi_fsub
                0x08000dcc                __aeabi_fadd
                0x08000dcc                __addsf3
                0x08000f2c                __aeabi_ui2f
                0x08000f2c                __floatunsisf
                0x08000f34                __aeabi_i2f
                0x08000f34                __floatsisf
                0x08000f50                __floatundisf
                0x08000f50                __aeabi_ul2f
                0x08000f60                __floatdisf
                0x08000f60                __aeabi_l2f
 *fill*         0x08000fdc        0x4 00
 .text          0x08000fe0      0x2a0 /home/formica/toolchains/gcc-arm-none-eabi-4_7-2012q4/bin/../lib/gcc/arm-none-eabi/4.7.3/armv7-m/libgcc.a(_arm_muldivsf3.o)
                0x08000fe0                __mulsf3
                0x08000fe0                __aeabi_fmul
                0x08001148                __divsf3
                0x08001148                __aeabi_fdiv
 .text          0x08001280       0x4c /home/formica/toolchains/gcc-arm-none-eabi-4_7-2012q4/bin/../lib/gcc/arm-none-eabi/4.7.3/armv7-m/libgcc.a(_arm_fixsfsi.o)
                0x08001280                __fixsfsi
                0x08001280                __aeabi_f2iz
 *(.text.*)
 *fill*         0x080012cc        0x4 00
 .text.__late_init
                0x080012d0       0x10 build/obj/crt0.o
                0x080012d0                __late_init
 .text._default_exit
                0x080012e0       0x10 build/obj/crt0.o
                0x080012e0                _default_exit
 .text.ResetHandler
                0x080012f0      0x1d0 build/obj/crt0.o
                0x080012f0                ResetHandler
 .text._unhandled_exception
                0x080014c0       0x10 build/obj/vectors.o
                0x080014c0                Vector58
                0x080014c0                VectorE8
                0x080014c0                Vector9C
                0x080014c0                Vector5C
                0x080014c0                NMIVector
                0x080014c0                VectorDC
                0x080014c0                VectorC8
                0x080014c0                Vector94
                0x080014c0                VectorA8
                0x080014c0                VectorB4
                0x080014c0                UsageFaultVector
                0x080014c0                DebugMonitorVector
                0x080014c0                Vector40
                0x080014c0                PendSVVector
                0x080014c0                Vector64
                0x080014c0                VectorCC
                0x080014c0                Vector54
                0x080014c0                Vector98
                0x080014c0                VectorD8
                0x080014c0                Vector24
                0x080014c0                BusFaultVector
                0x080014c0                VectorD0
                0x080014c0                VectorE4
                0x080014c0                HardFaultVector
                0x080014c0                VectorE0
                0x080014c0                MemManageVector
                0x080014c0                VectorA0
                0x080014c0                VectorC4
                0x080014c0                VectorB0
                0x080014c0                Vector60
                0x080014c0                Vector1C
                0x080014c0                Vector48
                0x080014c0                VectorD4
                0x080014c0                Vector4C
                0x080014c0                Vector68
                0x080014c0                _unhandled_exception
                0x080014c0                Vector88
                0x080014c0                Vector50
                0x080014c0                Vector44
                0x080014c0                Vector28
                0x080014c0                VectorB8
                0x080014c0                Vector34
                0x080014c0                Vector20
 .text.port_halt
                0x080014d0       0x10 build/obj/chcore.o
                0x080014d0                port_halt
 .text._port_switch_from_isr
                0x080014e0       0x10 build/obj/chcore_v7m.o
                0x080014e0                _port_switch_from_isr
 .text.SVCallVector
                0x080014f0       0x20 build/obj/chcore_v7m.o
                0x080014f0                SVCallVector
 .text._port_init
                0x08001510       0x40 build/obj/chcore_v7m.o
                0x08001510                _port_init
 .text._port_irq_epilogue
                0x08001550       0x80 build/obj/chcore_v7m.o
                0x08001550                _port_irq_epilogue
 .text.SysTickVector
                0x080015d0       0x30 build/obj/chcore_v7m.o
                0x080015d0                SysTickVector
 .text._port_switch
                0x08001600       0x10 build/obj/chcore_v7m.o
                0x08001600                _port_switch
 .text._port_thread_start
                0x08001610       0x20 build/obj/chcore_v7m.o
                0x08001610                _port_thread_start
 .text.nvicEnableVector
                0x08001630       0x50 build/obj/nvic.o
                0x08001630                nvicEnableVector
 .text.nvicSetSystemHandlerPriority
                0x08001680       0x30 build/obj/nvic.o
                0x08001680                nvicSetSystemHandlerPriority
 .text._idle_thread
                0x080016b0       0x20 build/obj/chsys.o
                0x080016b0                _idle_thread
 .text.chSysInit
                0x080016d0       0x80 build/obj/chsys.o
                0x080016d0                chSysInit
 .text.chSysTimerHandlerI
                0x08001750       0x50 build/obj/chsys.o
                0x08001750                chSysTimerHandlerI
 .text.dbg_check_enable
                0x080017a0       0x30 build/obj/chdebug.o
                0x080017a0                dbg_check_enable
 .text.dbg_check_lock
                0x080017d0       0x30 build/obj/chdebug.o
                0x080017d0                dbg_check_lock
 .text.dbg_check_unlock
                0x08001800       0x40 build/obj/chdebug.o
                0x08001800                dbg_check_unlock
 .text.dbg_check_lock_from_isr
                0x08001840       0x30 build/obj/chdebug.o
                0x08001840                dbg_check_lock_from_isr
 .text.dbg_check_unlock_from_isr
                0x08001870       0x40 build/obj/chdebug.o
                0x08001870                dbg_check_unlock_from_isr
 .text.dbg_check_enter_isr
                0x080018b0       0x40 build/obj/chdebug.o
                0x080018b0                dbg_check_enter_isr
 .text.dbg_check_leave_isr
                0x080018f0       0x40 build/obj/chdebug.o
                0x080018f0                dbg_check_leave_isr
 .text.chDbgCheckClassI
                0x08001930       0x30 build/obj/chdebug.o
                0x08001930                chDbgCheckClassI
 .text.chDbgCheckClassS
                0x08001960       0x30 build/obj/chdebug.o
                0x08001960                chDbgCheckClassS
 .text._trace_init
                0x08001990       0x20 build/obj/chdebug.o
                0x08001990                _trace_init
 .text.dbg_trace
                0x080019b0       0x40 build/obj/chdebug.o
                0x080019b0                dbg_trace
 .text.chDbgPanic
                0x080019f0       0x10 build/obj/chdebug.o
                0x080019f0                chDbgPanic
 .text._vt_init
                0x08001a00       0x20 build/obj/chvt.o
                0x08001a00                _vt_init
 .text.chVTSetI
                0x08001a20       0x60 build/obj/chvt.o
                0x08001a20                chVTSetI
 .text.chVTResetI
                0x08001a80       0x50 build/obj/chvt.o
                0x08001a80                chVTResetI
 .text._scheduler_init
                0x08001ad0       0x20 build/obj/chschd.o
                0x08001ad0                _scheduler_init
 .text.chSchReadyI
                0x08001af0       0x40 build/obj/chschd.o
                0x08001af0                chSchReadyI
 .text.wakeup   0x08001b30       0x40 build/obj/chschd.o
 .text.chSchGoSleepS
                0x08001b70       0x50 build/obj/chschd.o
                0x08001b70                chSchGoSleepS
 .text.chSchGoSleepTimeoutS
                0x08001bc0       0x50 build/obj/chschd.o
                0x08001bc0                chSchGoSleepTimeoutS
 .text.chSchWakeupS
                0x08001c10       0x60 build/obj/chschd.o
                0x08001c10                chSchWakeupS
 .text.chSchDoReschedule
                0x08001c70       0x50 build/obj/chschd.o
                0x08001c70                chSchDoReschedule
 .text._thread_init
                0x08001cc0       0x60 build/obj/chthreads.o
                0x08001cc0                _thread_init
 .text.chThdCreateI
                0x08001d20       0xa0 build/obj/chthreads.o
                0x08001d20                chThdCreateI
 .text.chThdCreateStatic
                0x08001dc0       0xa0 build/obj/chthreads.o
                0x08001dc0                chThdCreateStatic
 .text.chThdSleep
                0x08001e60       0x30 build/obj/chthreads.o
                0x08001e60                chThdSleep
 .text.chThdExitS
                0x08001e90       0x50 build/obj/chthreads.o
                0x08001e90                chThdExitS
 .text.chThdExit
                0x08001ee0       0x20 build/obj/chthreads.o
                0x08001ee0                chThdExit
 .text.chMtxInit
                0x08001f00       0x20 build/obj/chmtx.o
                0x08001f00                chMtxInit
 .text.chMtxLockS
                0x08001f20      0x100 build/obj/chmtx.o
                0x08001f20                chMtxLockS
 .text.chMtxLock
                0x08002020       0x20 build/obj/chmtx.o
                0x08002020                chMtxLock
 .text.chMtxUnlock
                0x08002040       0x90 build/obj/chmtx.o
                0x08002040                chMtxUnlock
 .text.chEvtSignalFlagsI
                0x080020d0       0x50 build/obj/chevents.o
                0x080020d0                chEvtSignalFlagsI
 .text.chEvtBroadcastFlagsI
                0x08002120       0x30 build/obj/chevents.o
                0x08002120                chEvtBroadcastFlagsI
 .text.qwait    0x08002150       0x30 build/obj/chqueues.o
 .text.chIQInit
                0x08002180       0x20 build/obj/chqueues.o
                0x08002180                chIQInit
 .text.chIQGetTimeout
                0x080021a0       0x60 build/obj/chqueues.o
                0x080021a0                chIQGetTimeout
 .text.chIQReadTimeout
                0x08002200       0xa0 build/obj/chqueues.o
                0x08002200                chIQReadTimeout
 .text.chOQInit
                0x080022a0       0x20 build/obj/chqueues.o
                0x080022a0                chOQInit
 .text.chOQPutTimeout
                0x080022c0       0x70 build/obj/chqueues.o
                0x080022c0                chOQPutTimeout
 .text.chOQWriteTimeout
                0x08002330       0xa0 build/obj/chqueues.o
                0x08002330                chOQWriteTimeout
 .text._core_init
                0x080023d0       0x30 build/obj/chmemcore.o
                0x080023d0                _core_init
 .text.chCoreAllocI
                0x08002400       0x30 build/obj/chmemcore.o
                0x08002400                chCoreAllocI
 .text.chCoreAlloc
                0x08002430       0x30 build/obj/chmemcore.o
                0x08002430                chCoreAlloc
 .text._heap_init
                0x08002460       0x20 build/obj/chheap.o
                0x08002460                _heap_init
 .text.halInit  0x08002480       0x40 build/obj/hal.o
                0x08002480                halInit
 .text.i2cInit  0x080024c0       0x10 build/obj/i2c.o
                0x080024c0                i2cInit
 .text.i2cObjectInit
                0x080024d0       0x10 build/obj/i2c.o
                0x080024d0                i2cObjectInit
 .text.i2cStart
                0x080024e0       0x50 build/obj/i2c.o
                0x080024e0                i2cStart
 .text.i2cGetErrors
                0x08002530       0x20 build/obj/i2c.o
                0x08002530                i2cGetErrors
 .text.i2cMasterTransmitTimeout
                0x08002550       0x90 build/obj/i2c.o
                0x08002550                i2cMasterTransmitTimeout
 .text.i2cAcquireBus
                0x080025e0       0x20 build/obj/i2c.o
                0x080025e0                i2cAcquireBus
 .text.i2cReleaseBus
                0x08002600       0x20 build/obj/i2c.o
                0x08002600                i2cReleaseBus
 .text.icuInit  0x08002620       0x10 build/obj/icu.o
                0x08002620                icuInit
 .text.icuObjectInit
                0x08002630       0x10 build/obj/icu.o
                0x08002630                icuObjectInit
 .text.icuStart
                0x08002640       0x50 build/obj/icu.o
                0x08002640                icuStart
 .text.icuEnable
                0x08002690       0x50 build/obj/icu.o
                0x08002690                icuEnable
 .text.spiInit  0x080026e0       0x10 build/obj/spi.o
                0x080026e0                spiInit
 .text.spiObjectInit
                0x080026f0       0x10 build/obj/spi.o
                0x080026f0                spiObjectInit
 .text.spiStart
                0x08002700       0x50 build/obj/spi.o
                0x08002700                spiStart
 .text.spiSelect
                0x08002750       0x40 build/obj/spi.o
                0x08002750                spiSelect
 .text.spiReceive
                0x08002790       0x80 build/obj/spi.o
                0x08002790                spiReceive
 .text.spiAcquireBus
                0x08002810       0x20 build/obj/spi.o
                0x08002810                spiAcquireBus
 .text.set_address
                0x08002830       0x30 build/obj/usb.o
 .text.usbInit  0x08002860       0x10 build/obj/usb.o
                0x08002860                usbInit
 .text.usbObjectInit
                0x08002870       0x10 build/obj/usb.o
                0x08002870                usbObjectInit
 .text.usbStart
                0x08002880       0x60 build/obj/usb.o
                0x08002880                usbStart
 .text.usbInitEndpointI
                0x080028e0       0xa0 build/obj/usb.o
                0x080028e0                usbInitEndpointI
 .text.usbStartReceiveI
                0x08002980       0x40 build/obj/usb.o
                0x08002980                usbStartReceiveI
 .text.usbStartTransmitI
                0x080029c0       0x40 build/obj/usb.o
                0x080029c0                usbStartTransmitI
 .text._usb_reset
                0x08002a00       0x40 build/obj/usb.o
                0x08002a00                _usb_reset
 .text._usb_ep0setup
                0x08002a40      0x2d0 build/obj/usb.o
                0x08002a40                _usb_ep0setup
 .text._usb_ep0in
                0x08002d10       0x90 build/obj/usb.o
                0x08002d10                _usb_ep0in
 .text._usb_ep0out
                0x08002da0       0x70 build/obj/usb.o
                0x08002da0                _usb_ep0out
 .text.tm_start
                0x08002e10       0x10 build/obj/tm.o
 .text.tm_stop  0x08002e20       0x30 build/obj/tm.o
 .text.tmInit   0x08002e50       0x50 build/obj/tm.o
                0x08002e50                tmInit
 .text.putwouldblock
                0x08002ea0       0x10 build/obj/serial_usb.o
 .text.getwouldblock
                0x08002eb0       0x10 build/obj/serial_usb.o
 .text.getflags
                0x08002ec0       0x30 build/obj/serial_usb.o
 .text.onotify  0x08002ef0       0x90 build/obj/serial_usb.o
 .text.inotify  0x08002f80       0x80 build/obj/serial_usb.o
 .text.readt    0x08003000       0x10 build/obj/serial_usb.o
 .text.reads    0x08003010       0x10 build/obj/serial_usb.o
 .text.writet   0x08003020       0x10 build/obj/serial_usb.o
 .text.writes   0x08003030       0x10 build/obj/serial_usb.o
 .text.gett     0x08003040       0x10 build/obj/serial_usb.o
 .text.putt     0x08003050       0x10 build/obj/serial_usb.o
 .text.sduInit  0x08003060       0x10 build/obj/serial_usb.o
                0x08003060                sduInit
 .text.sduObjectInit
                0x08003070       0x50 build/obj/serial_usb.o
                0x08003070                sduObjectInit
 .text.sduStart
                0x080030c0       0x60 build/obj/serial_usb.o
                0x080030c0                sduStart
 .text.sduRequestsHook
                0x08003120       0x40 build/obj/serial_usb.o
                0x08003120                sduRequestsHook
 .text.sduDataTransmitted
                0x08003160       0x90 build/obj/serial_usb.o
                0x08003160                sduDataTransmitted
 .text.sduDataReceived
                0x080031f0       0x90 build/obj/serial_usb.o
                0x080031f0                sduDataReceived
 .text.sduInterruptTransmitted
                0x08003280       0x10 build/obj/serial_usb.o
                0x08003280                sduInterruptTransmitted
 .text.Vector6C
                0x08003290       0x30 build/obj/stm32_dma.o
                0x08003290                Vector6C
 .text.Vector70
                0x080032c0       0x30 build/obj/stm32_dma.o
                0x080032c0                Vector70
 .text.Vector74
                0x080032f0       0x40 build/obj/stm32_dma.o
                0x080032f0                Vector74
 .text.Vector78
                0x08003330       0x40 build/obj/stm32_dma.o
                0x08003330                Vector78
 .text.Vector7C
                0x08003370       0x40 build/obj/stm32_dma.o
                0x08003370                Vector7C
 .text.Vector80
                0x080033b0       0x40 build/obj/stm32_dma.o
                0x080033b0                Vector80
 .text.Vector84
                0x080033f0       0x40 build/obj/stm32_dma.o
                0x080033f0                Vector84
 .text.dmaInit  0x08003430       0x80 build/obj/stm32_dma.o
                0x08003430                dmaInit
 .text.dmaStreamAllocate
                0x080034b0       0xa0 build/obj/stm32_dma.o
                0x080034b0                dmaStreamAllocate
 .text.hal_lld_init
                0x08003550       0x80 build/obj/hal_lld.o
                0x08003550                hal_lld_init
 .text.stm32_clock_init
                0x080035d0       0xb0 build/obj/hal_lld.o
                0x080035d0                stm32_clock_init
 .text.i2c_lld_abort_operation
                0x08003680       0x50 build/obj/i2c_lld.o
 .text.i2c_lld_safety_timeout
                0x080036d0       0x30 build/obj/i2c_lld.o
 .text.i2c_lld_serve_tx_end_irq
                0x08003700       0x40 build/obj/i2c_lld.o
 .text.i2c_lld_serve_rx_end_irq
                0x08003740       0x70 build/obj/i2c_lld.o
 .text.VectorBC
                0x080037b0      0x110 build/obj/i2c_lld.o
                0x080037b0                VectorBC
 .text.VectorC0
                0x080038c0      0x160 build/obj/i2c_lld.o
                0x080038c0                VectorC0
 .text.i2c_lld_init
                0x08003a20       0x30 build/obj/i2c_lld.o
                0x08003a20                i2c_lld_init
 .text.i2c_lld_start
                0x08003a50      0x2b0 build/obj/i2c_lld.o
                0x08003a50                i2c_lld_start
 .text.i2c_lld_master_transmit_timeout
                0x08003d00      0x110 build/obj/i2c_lld.o
                0x08003d00                i2c_lld_master_transmit_timeout
 .text.icu_lld_serve_interrupt.constprop.1
                0x08003e10       0x50 build/obj/icu_lld.o
 .text.VectorAC
                0x08003e60       0x20 build/obj/icu_lld.o
                0x08003e60                VectorAC
 .text.VectorA4
                0x08003e80       0x20 build/obj/icu_lld.o
                0x08003e80                VectorA4
 .text.icu_lld_init
                0x08003ea0       0x20 build/obj/icu_lld.o
                0x08003ea0                icu_lld_init
 .text.icu_lld_start
                0x08003ec0       0xb0 build/obj/icu_lld.o
                0x08003ec0                icu_lld_start
 .text.icu_lld_enable
                0x08003f70       0x30 build/obj/icu_lld.o
                0x08003f70                icu_lld_enable
 .text.spi_lld_serve_tx_interrupt
                0x08003fa0       0x10 build/obj/spi_lld.o
 .text.spi_lld_serve_rx_interrupt
                0x08003fb0       0x80 build/obj/spi_lld.o
 .text.spi_lld_init
                0x08004030       0x50 build/obj/spi_lld.o
                0x08004030                spi_lld_init
 .text.spi_lld_start
                0x08004080       0xd0 build/obj/spi_lld.o
                0x08004080                spi_lld_start
 .text.spi_lld_select
                0x08004150       0x10 build/obj/spi_lld.o
                0x08004150                spi_lld_select
 .text.spi_lld_receive
                0x08004160       0x40 build/obj/spi_lld.o
                0x08004160                spi_lld_receive
 .text._pal_lld_init
                0x080041a0       0x80 build/obj/pal_lld.o
                0x080041a0                _pal_lld_init
 .text._pal_lld_setgroupmode
                0x08004220      0x150 build/obj/pal_lld.o
                0x08004220                _pal_lld_setgroupmode
 .text.Vector8C
                0x08004370       0x20 build/obj/usb_lld.o
                0x08004370                Vector8C
 .text.usb_lld_init
                0x08004390       0x10 build/obj/usb_lld.o
                0x08004390                usb_lld_init
 .text.usb_lld_start
                0x080043a0       0x50 build/obj/usb_lld.o
                0x080043a0                usb_lld_start
 .text.usb_lld_set_address
                0x080043f0       0x20 build/obj/usb_lld.o
                0x080043f0                usb_lld_set_address
 .text.usb_lld_init_endpoint
                0x08004410      0x100 build/obj/usb_lld.o
                0x08004410                usb_lld_init_endpoint
 .text.usb_lld_reset
                0x08004510       0x40 build/obj/usb_lld.o
                0x08004510                usb_lld_reset
 .text.usb_lld_get_status_out
                0x08004550       0x20 build/obj/usb_lld.o
                0x08004550                usb_lld_get_status_out
 .text.usb_lld_get_status_in
                0x08004570       0x30 build/obj/usb_lld.o
                0x08004570                usb_lld_get_status_in
 .text.usb_lld_read_setup
                0x080045a0       0x40 build/obj/usb_lld.o
                0x080045a0                usb_lld_read_setup
 .text.usb_lld_read_packet_buffer
                0x080045e0       0x80 build/obj/usb_lld.o
                0x080045e0                usb_lld_read_packet_buffer
 .text.usb_lld_write_packet_buffer
                0x08004660       0x70 build/obj/usb_lld.o
                0x08004660                usb_lld_write_packet_buffer
 .text.Vector90
                0x080046d0      0x260 build/obj/usb_lld.o
                0x080046d0                Vector90
 .text.usb_lld_prepare_receive
                0x08004930       0x30 build/obj/usb_lld.o
                0x08004930                usb_lld_prepare_receive
 .text.usb_lld_prepare_transmit
                0x08004960       0x20 build/obj/usb_lld.o
                0x08004960                usb_lld_prepare_transmit
 .text.usb_lld_start_out
                0x08004980       0x20 build/obj/usb_lld.o
                0x08004980                usb_lld_start_out
 .text.usb_lld_start_in
                0x080049a0       0x20 build/obj/usb_lld.o
                0x080049a0                usb_lld_start_in
 .text.usb_lld_stall_out
                0x080049c0       0x20 build/obj/usb_lld.o
                0x080049c0                usb_lld_stall_out
 .text.usb_lld_stall_in
                0x080049e0       0x20 build/obj/usb_lld.o
                0x080049e0                usb_lld_stall_in
 .text.usb_lld_clear_out
                0x08004a00       0x30 build/obj/usb_lld.o
                0x08004a00                usb_lld_clear_out
 .text.usb_lld_clear_in
                0x08004a30       0x30 build/obj/usb_lld.o
                0x08004a30                usb_lld_clear_in
 .text.__early_init
                0x08004a60       0x10 build/obj/board.o
                0x08004a60                __early_init
 .text.boardInit
                0x08004a70       0x10 build/obj/board.o
                0x08004a70                boardInit
 .text.ltoa     0x08004a80       0x60 build/obj/chprintf.o
 .text.chprintf
                0x08004ae0      0x3d0 build/obj/chprintf.o
                0x08004ae0                chprintf
 .text.get_descriptor
                0x08004eb0       0x40 build/obj/main.o
 .text.icuwidthcb
                0x08004ef0       0x50 build/obj/main.o
 .text.Thread1  0x08004f40       0x40 build/obj/main.o
 .text.usb_event
                0x08004f80       0x50 build/obj/main.o
 .text.i2c_setup
                0x08004fd0       0x50 build/obj/i2c_setup.o
                0x08004fd0                i2c_setup
 .text.blctrl20_set_velocity
                0x08005020       0xf0 build/obj/blctrl20.o
                0x08005020                blctrl20_set_velocity
 .text.memset   0x08005110      0x12c /home/formica/toolchains/gcc-arm-none-eabi-4_7-2012q4/bin/../lib/gcc/arm-none-eabi/4.7.3/../../../../arm-none-eabi/lib/armv7-m/libc.a(lib_a-memset.o)
                0x08005110                memset
 *(.rodata)
 *(.rodata.*)
 *fill*         0x0800523c        0x4 00
 .rodata.str1.4
                0x08005240        0x5 build/obj/chsys.o
                                  0x8 (size before relaxing)
 *fill*         0x08005245        0xb 00
 .rodata.str1.4
                0x08005250       0x56 build/obj/chdebug.o
                                 0x58 (size before relaxing)
 *fill*         0x080052a6        0xa 00
 .rodata.str1.4
                0x080052b0       0x31 build/obj/chvt.o
                                 0x34 (size before relaxing)
 *fill*         0x080052e1        0xf 00
 .rodata.str1.4
                0x080052f0       0x23 build/obj/chschd.o
                                 0x24 (size before relaxing)
 *fill*         0x08005313        0xd 00
 .rodata.str1.4
                0x08005320       0x94 build/obj/chthreads.o
 *fill*         0x080053b4        0xc 00
 .rodata.ch_debug
                0x080053c0       0x18 build/obj/chregistry.o
                0x080053c0                ch_debug
 *fill*         0x080053d8        0x8 00
 .rodata.str1.4
                0x080053e0       0xab build/obj/chmtx.o
                                 0xac (size before relaxing)
 *fill*         0x0800548b        0x5 00
 .rodata.str1.4
                0x08005490       0x90 build/obj/chevents.o
 .rodata.str1.4
                0x08005520       0x29 build/obj/chqueues.o
                                 0x2c (size before relaxing)
 *fill*         0x08005549        0x7 00
 .rodata.str1.4
                0x08005550       0xea build/obj/i2c.o
                                 0xec (size before relaxing)
 *fill*         0x0800563a        0x6 00
 .rodata.str1.4
                0x08005640       0x7d build/obj/icu.o
                                 0x80 (size before relaxing)
 *fill*         0x080056bd        0x3 00
 .rodata.str1.4
                0x080056c0      0x236 build/obj/spi.o
                                0x238 (size before relaxing)
 *fill*         0x080058f6        0xa 00
 .rodata.zero_status
                0x08005900        0x4 build/obj/usb.o
 *fill*         0x08005904        0xc 00
 .rodata.active_status
                0x08005910        0x4 build/obj/usb.o
 *fill*         0x08005914        0xc 00
 .rodata.str1.4
                0x08005920      0x122 build/obj/usb.o
                                0x124 (size before relaxing)
 *fill*         0x08005a42        0xe 00
 .rodata.halted_status
                0x08005a50        0x4 build/obj/usb.o
 *fill*         0x08005a54        0xc 00
 .rodata.str1.4
                0x08005a60       0x3a build/obj/serial_usb.o
                                 0x3c (size before relaxing)
 *fill*         0x08005a9a        0x6 00
 .rodata.vmt    0x08005aa0       0x24 build/obj/serial_usb.o
 *fill*         0x08005ac4        0xc 00
 .rodata.str1.4
                0x08005ad0       0x31 build/obj/stm32_dma.o
                                 0x34 (size before relaxing)
 *fill*         0x08005b01        0xf 00
 .rodata._stm32_dma_streams
                0x08005b10       0x54 build/obj/stm32_dma.o
                0x08005b10                _stm32_dma_streams
 *fill*         0x08005b64        0xc 00
 .rodata.str1.4
                0x08005b70      0x130 build/obj/i2c_lld.o
 .rodata.str1.4
                0x08005ca0       0x14 build/obj/icu_lld.o
 *fill*         0x08005cb4        0xc 00
 .rodata.str1.4
                0x08005cc0       0x28 build/obj/spi_lld.o
 *fill*         0x08005ce8        0x8 00
 .rodata.cfgtab.6432
                0x08005cf0       0x14 build/obj/pal_lld.o
 *fill*         0x08005d04        0xc 00
 .rodata.CSWTCH.16
                0x08005d10       0x14 build/obj/usb_lld.o
 *fill*         0x08005d24        0xc 00
 .rodata.CSWTCH.10
                0x08005d30        0x8 build/obj/usb_lld.o
 *fill*         0x08005d38        0x8 00
 .rodata.str1.4
                0x08005d40        0xf build/obj/usb_lld.o
                                 0x10 (size before relaxing)
 *fill*         0x08005d4f        0x1 00
 .rodata.ep0config
                0x08005d50       0x1c build/obj/usb_lld.o
 *fill*         0x08005d6c        0x4 00
 .rodata.pal_default_config
                0x08005d70       0x3c build/obj/board.o
                0x08005d70                pal_default_config
 *fill*         0x08005dac        0x4 00
 .rodata.str1.4
                0x08005db0        0x7 build/obj/chprintf.o
                                  0x8 (size before relaxing)
 *fill*         0x08005db7        0x9 00
 .rodata.vcom_string0
                0x08005dc0        0x4 build/obj/main.o
 *fill*         0x08005dc4        0xc 00
 .rodata.vcom_string1
                0x08005dd0       0x28 build/obj/main.o
 *fill*         0x08005df8        0x8 00
 .rodata.vcom_string3
                0x08005e00        0x8 build/obj/main.o
 *fill*         0x08005e08        0x8 00
 .rodata.ep2config
                0x08005e10       0x1c build/obj/main.o
 *fill*         0x08005e2c        0x4 00
 .rodata.ep3config
                0x08005e30       0x1c build/obj/main.o
 *fill*         0x08005e4c        0x4 00
 .rodata.ep1config
                0x08005e50       0x1c build/obj/main.o
 *fill*         0x08005e6c        0x4 00
 .rodata.vcom_device_descriptor
                0x08005e70        0x8 build/obj/main.o
 *fill*         0x08005e78        0x8 00
 .rodata.vcom_configuration_descriptor_data
                0x08005e80       0x44 build/obj/main.o
 *fill*         0x08005ec4        0xc 00
 .rodata.serusbcfg
                0x08005ed0       0x14 build/obj/main.o
 *fill*         0x08005ee4        0xc 00
 .rodata.vcom_device_descriptor_data
                0x08005ef0       0x14 build/obj/main.o
 *fill*         0x08005f04        0xc 00
 .rodata.vcom_strings
                0x08005f10       0x20 build/obj/main.o
 .rodata.vcom_string2
                0x08005f30       0x38 build/obj/main.o
 *fill*         0x08005f68        0x8 00
 .rodata.vcom_configuration_descriptor
                0x08005f70        0x8 build/obj/main.o
 *fill*         0x08005f78        0x8 00
 .rodata.ls_spicfg
                0x08005f80        0xc build/obj/main.o
 *fill*         0x08005f8c        0x4 00
 .rodata.str1.4
                0x08005f90       0x60 build/obj/main.o
 .rodata.i2cfg1
                0x08005ff0        0xc build/obj/i2c_setup.o
 *(.glue_7t)
 .glue_7t       0x00000000        0x0 linker stubs
 *(.glue_7)
 .glue_7        0x00000000        0x0 linker stubs
 *(.gcc*)

.vfp11_veneer   0x08005ffc        0x0
 .vfp11_veneer  0x00000000        0x0 linker stubs

.v4_bx          0x08005ffc        0x0
 .v4_bx         0x00000000        0x0 linker stubs

.iplt           0x08005ffc        0x0
 .iplt          0x00000000        0x0 build/obj/crt0.o

.rel.dyn        0x08005ffc        0x0
 .rel.iplt      0x00000000        0x0 build/obj/crt0.o

.ARM.extab
 *(.ARM.extab* .gnu.linkonce.armextab.*)

.ARM.exidx      0x08005ffc        0x0
                0x08005ffc                PROVIDE (__exidx_start, .)
 *(.ARM.exidx* .gnu.linkonce.armexidx.*)
                0x08005ffc                PROVIDE (__exidx_end, .)

.eh_frame_hdr
 *(.eh_frame_hdr)

.eh_frame
 *(.eh_frame)

.textalign      0x08005ffc        0x4
                0x08006000                . = ALIGN (0x8)
 *fill*         0x08005ffc        0x4 00
                0x08006000                _etext = .
                0x08006000                _textdata = _etext

.stacks         0x20000000      0x800
                0x20000000                . = ALIGN (0x8)
                0x20000000                __main_stack_base__ = .
                0x20000400                . = (. + __main_stack_size__)
 *fill*         0x20000000      0x400 00
                0x20000400                . = ALIGN (0x8)
                0x20000400                __main_stack_end__ = .
                0x20000400                __process_stack_base__ = .
                0x20000400                __main_thread_stack_base__ = .
                0x20000800                . = (. + __process_stack_size__)
 *fill*         0x20000400      0x400 00
                0x20000800                . = ALIGN (0x8)
                0x20000800                __process_stack_end__ = .
                0x20000800                __main_thread_stack_end__ = .

.data           0x20000800       0x1c load address 0x08006000
                0x20000800                . = ALIGN (0x4)
                0x20000800                PROVIDE (_data, .)
 *(.data)
                0x20000800                . = ALIGN (0x4)
 *(.data.*)
 .data.linecoding
                0x20000800        0x8 build/obj/serial_usb.o
 .data.icucfg   0x20000808       0x10 build/obj/main.o
 .data.last_width
                0x20000818        0x2 build/obj/main.o
                0x20000818                last_width
                0x2000081c                . = ALIGN (0x4)
 *fill*         0x2000081a        0x2 00
 *(.ramtext)
                0x2000081c                . = ALIGN (0x4)
                0x2000081c                PROVIDE (_edata, .)

.igot.plt       0x2000081c        0x0 load address 0x0800601c
 .igot.plt      0x00000000        0x0 build/obj/crt0.o

.bss            0x20000820      0x950 load address 0x08006020
                0x20000820                . = ALIGN (0x4)
                0x20000820                PROVIDE (_bss_start, .)
 *(.bss)
                0x20000820                . = ALIGN (0x4)
 *(.bss.*)
 .bss.mainthread.4864
                0x20000820       0x4c build/obj/chsys.o
 *fill*         0x2000086c        0x4 00
 .bss._idle_thread_wa
                0x20000870       0xc0 build/obj/chsys.o
                0x20000870                _idle_thread_wa
 .bss.dbg_isr_cnt
                0x20000930        0x4 build/obj/chdebug.o
                0x20000930                dbg_isr_cnt
 .bss.dbg_trace_buffer
                0x20000934      0x408 build/obj/chdebug.o
                0x20000934                dbg_trace_buffer
 .bss.dbg_lock_cnt
                0x20000d3c        0x4 build/obj/chdebug.o
                0x20000d3c                dbg_lock_cnt
 .bss.dbg_panic_msg
                0x20000d40        0x4 build/obj/chdebug.o
                0x20000d40                dbg_panic_msg
 .bss.vtlist    0x20000d44       0x10 build/obj/chvt.o
                0x20000d44                vtlist
 .bss.rlist     0x20000d54       0x20 build/obj/chschd.o
                0x20000d54                rlist
 .bss.endmem    0x20000d74        0x4 build/obj/chmemcore.o
 .bss.nextmem   0x20000d78        0x4 build/obj/chmemcore.o
 *fill*         0x20000d7c        0x4 00
 .bss.default_heap
                0x20000d80       0x20 build/obj/chheap.o
 .bss.measurement_offset
                0x20000da0        0x4 build/obj/tm.o
 .bss.dma_isr_redir
                0x20000da4       0x38 build/obj/stm32_dma.o
 .bss.dma_streams_mask
                0x20000ddc        0x4 build/obj/stm32_dma.o
 .bss.I2CD1     0x20000de0       0x34 build/obj/i2c_lld.o
                0x20000de0                I2CD1
 .bss.ICUD1     0x20000e14       0x10 build/obj/icu_lld.o
                0x20000e14                ICUD1
 .bss.dummytx   0x20000e24        0x2 build/obj/spi_lld.o
 *fill*         0x20000e26        0x2 00
 .bss.SPID2     0x20000e28       0x30 build/obj/spi_lld.o
                0x20000e28                SPID2
 .bss.USBD1     0x20000e58       0x50 build/obj/usb_lld.o
                0x20000e58                USBD1
 .bss.ep0_state
                0x20000ea8       0x10 build/obj/usb_lld.o
 .bss.yaw_error
                0x20000eb8        0x4 build/obj/main.o
                0x20000eb8                yaw_error
 .bss.roll_error
                0x20000ebc        0x4 build/obj/main.o
                0x20000ebc                roll_error
 .bss.rxbuf_16bit
                0x20000ec0       0x30 build/obj/main.o
                0x20000ec0                rxbuf_16bit
 .bss.roll_controller_output
                0x20000ef0        0x1 build/obj/main.o
                0x20000ef0                roll_controller_output
 *fill*         0x20000ef1        0x3 00
 .bss.pitch_D   0x20000ef4        0x4 build/obj/main.o
                0x20000ef4                pitch_D
 .bss.pitch_I   0x20000ef8        0x4 build/obj/main.o
                0x20000ef8                pitch_I
 .bss.SDU1      0x20000efc       0xd4 build/obj/main.o
 .bss.yaw_controller_output
                0x20000fd0        0x1 build/obj/main.o
                0x20000fd0                yaw_controller_output
 *fill*         0x20000fd1        0x3 00
 .bss.icu_ch    0x20000fd4       0x10 build/obj/main.o
                0x20000fd4                icu_ch
 .bss.pitch_error
                0x20000fe4        0x4 build/obj/main.o
                0x20000fe4                pitch_error
 .bss.roll_D    0x20000fe8        0x4 build/obj/main.o
                0x20000fe8                roll_D
 .bss.mutex_motors
                0x20000fec       0x10 build/obj/main.o
 .bss.radio_count
                0x20000ffc        0x4 build/obj/main.o
                0x20000ffc                radio_count
 .bss.roll_I    0x20001000        0x4 build/obj/main.o
                0x20001000                roll_I
 *fill*         0x20001004        0x4 00
 .bss.waThread1
                0x20001008      0x130 build/obj/main.o
 .bss.mtx_imu   0x20001138       0x10 build/obj/main.o
 .bss.KD        0x20001148        0x1 build/obj/main.o
                0x20001148                KD
 *fill*         0x20001149        0x3 00
 .bss.roll_prev_error
                0x2000114c        0x4 build/obj/main.o
                0x2000114c                roll_prev_error
 .bss.KI        0x20001150        0x1 build/obj/main.o
                0x20001150                KI
 *fill*         0x20001151        0x3 00
 .bss.pitch_prev_error
                0x20001154        0x4 build/obj/main.o
                0x20001154                pitch_prev_error
 .bss.pitch_controller_output
                0x20001158        0x1 build/obj/main.o
                0x20001158                pitch_controller_output
 .bss.KP        0x20001159        0x1 build/obj/main.o
                0x20001159                KP
 .bss.m1        0x2000115a        0x1 build/obj/blctrl20.o
                0x2000115a                m1
 .bss.m2        0x2000115b        0x1 build/obj/blctrl20.o
                0x2000115b                m2
 .bss.m3        0x2000115c        0x1 build/obj/blctrl20.o
                0x2000115c                m3
 .bss.m4        0x2000115d        0x1 build/obj/blctrl20.o
                0x2000115d                m4
 *fill*         0x2000115e        0x2 00
 .bss.a_errors  0x20001160       0x10 build/obj/blctrl20.o
                0x20001170                . = ALIGN (0x4)
 *(COMMON)
                0x20001170                . = ALIGN (0x4)
                0x20001170                PROVIDE (_bss_end, .)
                0x20001170                PROVIDE (end, .)
                0x20001170                _end = .
                0x20001170                __heap_base__ = _end
                0x20005000                __heap_end__ = __ram_end__
OUTPUT(build/freecopter-control.elf elf32-littlearm)

.debug_info     0x00000000    0x16164
 .debug_info    0x00000000      0x2af build/obj/crt0.o
 .debug_info    0x000002af      0x1e4 build/obj/vectors.o
 .debug_info    0x00000493       0x8f build/obj/chcore.o
 .debug_info    0x00000522      0x93c build/obj/chcore_v7m.o
 .debug_info    0x00000e5e      0x44a build/obj/nvic.o
 .debug_info    0x000012a8      0x8d8 build/obj/chsys.o
 .debug_info    0x00001b80      0x9e2 build/obj/chdebug.o
 .debug_info    0x00002562      0x2e9 build/obj/chvt.o
 .debug_info    0x0000284b      0x9e4 build/obj/chschd.o
 .debug_info    0x0000322f      0xebb build/obj/chthreads.o
 .debug_info    0x000040ea      0x71f build/obj/chregistry.o
 .debug_info    0x00004809      0xbb5 build/obj/chmtx.o
 .debug_info    0x000053be      0xfa5 build/obj/chevents.o
 .debug_info    0x00006363      0xd8c build/obj/chqueues.o
 .debug_info    0x000070ef      0x230 build/obj/chmemcore.o
 .debug_info    0x0000731f      0x781 build/obj/chheap.o
 .debug_info    0x00007aa0      0x3b0 build/obj/hal.o
 .debug_info    0x00007e50      0xdcd build/obj/i2c.o
 .debug_info    0x00008c1d      0x793 build/obj/icu.o
 .debug_info    0x000093b0     0x15d2 build/obj/spi.o
 .debug_info    0x0000a982     0x11b0 build/obj/usb.o
 .debug_info    0x0000bb32      0x2e7 build/obj/tm.o
 .debug_info    0x0000be19     0x1aba build/obj/serial_usb.o
 .debug_info    0x0000d8d3      0x7aa build/obj/stm32_dma.o
 .debug_info    0x0000e07d      0x3c4 build/obj/hal_lld.o
 .debug_info    0x0000e441     0x17dd build/obj/i2c_lld.o
 .debug_info    0x0000fc1e      0x8d6 build/obj/icu_lld.o
 .debug_info    0x000104f4      0xda1 build/obj/spi_lld.o
 .debug_info    0x00011295      0x393 build/obj/pal_lld.o
 .debug_info    0x00011628     0x1198 build/obj/usb_lld.o
 .debug_info    0x000127c0      0x196 build/obj/board.o
 .debug_info    0x00012956      0x554 build/obj/chprintf.o
 .debug_info    0x00012eaa     0x1fb4 build/obj/main.o
 .debug_info    0x00014e5e      0x93b build/obj/i2c_setup.o
 .debug_info    0x00015799      0x9cb build/obj/blctrl20.o

.debug_abbrev   0x00000000     0x4cdf
 .debug_abbrev  0x00000000       0xda build/obj/crt0.o
 .debug_abbrev  0x000000da       0xaf build/obj/vectors.o
 .debug_abbrev  0x00000189       0x42 build/obj/chcore.o
 .debug_abbrev  0x000001cb      0x1fc build/obj/chcore_v7m.o
 .debug_abbrev  0x000003c7       0xf0 build/obj/nvic.o
 .debug_abbrev  0x000004b7      0x20b build/obj/chsys.o
 .debug_abbrev  0x000006c2      0x244 build/obj/chdebug.o
 .debug_abbrev  0x00000906      0x186 build/obj/chvt.o
 .debug_abbrev  0x00000a8c      0x2ec build/obj/chschd.o
 .debug_abbrev  0x00000d78      0x365 build/obj/chthreads.o
 .debug_abbrev  0x000010dd      0x1a9 build/obj/chregistry.o
 .debug_abbrev  0x00001286      0x2d1 build/obj/chmtx.o
 .debug_abbrev  0x00001557      0x2c0 build/obj/chevents.o
 .debug_abbrev  0x00001817      0x34e build/obj/chqueues.o
 .debug_abbrev  0x00001b65      0x12c build/obj/chmemcore.o
 .debug_abbrev  0x00001c91      0x219 build/obj/chheap.o
 .debug_abbrev  0x00001eaa      0x1db build/obj/hal.o
 .debug_abbrev  0x00002085      0x2c5 build/obj/i2c.o
 .debug_abbrev  0x0000234a      0x1d3 build/obj/icu.o
 .debug_abbrev  0x0000251d      0x2a6 build/obj/spi.o
 .debug_abbrev  0x000027c3      0x32e build/obj/usb.o
 .debug_abbrev  0x00002af1      0x19a build/obj/tm.o
 .debug_abbrev  0x00002c8b      0x3f1 build/obj/serial_usb.o
 .debug_abbrev  0x0000307c      0x227 build/obj/stm32_dma.o
 .debug_abbrev  0x000032a3      0x119 build/obj/hal_lld.o
 .debug_abbrev  0x000033bc      0x3fe build/obj/i2c_lld.o
 .debug_abbrev  0x000037ba      0x2d7 build/obj/icu_lld.o
 .debug_abbrev  0x00003a91      0x313 build/obj/spi_lld.o
 .debug_abbrev  0x00003da4      0x12a build/obj/pal_lld.o
 .debug_abbrev  0x00003ece      0x419 build/obj/usb_lld.o
 .debug_abbrev  0x000042e7       0xe3 build/obj/board.o
 .debug_abbrev  0x000043ca      0x186 build/obj/chprintf.o
 .debug_abbrev  0x00004550      0x37e build/obj/main.o
 .debug_abbrev  0x000048ce      0x1d0 build/obj/i2c_setup.o
 .debug_abbrev  0x00004a9e      0x241 build/obj/blctrl20.o

.debug_aranges  0x00000000      0xb38
 .debug_aranges
                0x00000000       0x38 build/obj/crt0.o
 .debug_aranges
                0x00000038       0x20 build/obj/vectors.o
 .debug_aranges
                0x00000058       0x20 build/obj/chcore.o
 .debug_aranges
                0x00000078       0x50 build/obj/chcore_v7m.o
 .debug_aranges
                0x000000c8       0x30 build/obj/nvic.o
 .debug_aranges
                0x000000f8       0x30 build/obj/chsys.o
 .debug_aranges
                0x00000128       0x88 build/obj/chdebug.o
 .debug_aranges
                0x000001b0       0x38 build/obj/chvt.o
 .debug_aranges
                0x000001e8       0x58 build/obj/chschd.o
 .debug_aranges
                0x00000240       0x80 build/obj/chthreads.o
 .debug_aranges
                0x000002c0       0x28 build/obj/chregistry.o
 .debug_aranges
                0x000002e8       0x58 build/obj/chmtx.o
 .debug_aranges
                0x00000340       0x90 build/obj/chevents.o
 .debug_aranges
                0x000003d0       0x70 build/obj/chqueues.o
 .debug_aranges
                0x00000440       0x38 build/obj/chmemcore.o
 .debug_aranges
                0x00000478       0x40 build/obj/chheap.o
 .debug_aranges
                0x000004b8       0x30 build/obj/hal.o
 .debug_aranges
                0x000004e8       0x60 build/obj/i2c.o
 .debug_aranges
                0x00000548       0x48 build/obj/icu.o
 .debug_aranges
                0x00000590       0x98 build/obj/spi.o
 .debug_aranges
                0x00000628       0x90 build/obj/usb.o
 .debug_aranges
                0x000006b8       0x38 build/obj/tm.o
 .debug_aranges
                0x000006f0       0xb0 build/obj/serial_usb.o
 .debug_aranges
                0x000007a0       0x68 build/obj/stm32_dma.o
 .debug_aranges
                0x00000808       0x28 build/obj/hal_lld.o
 .debug_aranges
                0x00000830       0x70 build/obj/i2c_lld.o
 .debug_aranges
                0x000008a0       0x58 build/obj/icu_lld.o
 .debug_aranges
                0x000008f8       0x78 build/obj/spi_lld.o
 .debug_aranges
                0x00000970       0x28 build/obj/pal_lld.o
 .debug_aranges
                0x00000998       0xc8 build/obj/usb_lld.o
 .debug_aranges
                0x00000a60       0x28 build/obj/board.o
 .debug_aranges
                0x00000a88       0x28 build/obj/chprintf.o
 .debug_aranges
                0x00000ab0       0x40 build/obj/main.o
 .debug_aranges
                0x00000af0       0x20 build/obj/i2c_setup.o
 .debug_aranges
                0x00000b10       0x28 build/obj/blctrl20.o

.debug_ranges   0x00000000     0x1298
 .debug_ranges  0x00000000       0xe0 build/obj/crt0.o
 .debug_ranges  0x000000e0       0x10 build/obj/vectors.o
 .debug_ranges  0x000000f0       0x10 build/obj/chcore.o
 .debug_ranges  0x00000100       0x58 build/obj/chcore_v7m.o
 .debug_ranges  0x00000158       0x20 build/obj/nvic.o
 .debug_ranges  0x00000178       0x20 build/obj/chsys.o
 .debug_ranges  0x00000198       0xf0 build/obj/chdebug.o
 .debug_ranges  0x00000288       0x28 build/obj/chvt.o
 .debug_ranges  0x000002b0      0x148 build/obj/chschd.o
 .debug_ranges  0x000003f8      0x150 build/obj/chthreads.o
 .debug_ranges  0x00000548       0x18 build/obj/chregistry.o
 .debug_ranges  0x00000560      0x230 build/obj/chmtx.o
 .debug_ranges  0x00000790       0xb0 build/obj/chevents.o
 .debug_ranges  0x00000840       0xa8 build/obj/chqueues.o
 .debug_ranges  0x000008e8       0x40 build/obj/chmemcore.o
 .debug_ranges  0x00000928       0x30 build/obj/chheap.o
 .debug_ranges  0x00000958       0x20 build/obj/hal.o
 .debug_ranges  0x00000978       0x50 build/obj/i2c.o
 .debug_ranges  0x000009c8       0x38 build/obj/icu.o
 .debug_ranges  0x00000a00       0x88 build/obj/spi.o
 .debug_ranges  0x00000a88       0xb0 build/obj/usb.o
 .debug_ranges  0x00000b38       0x70 build/obj/tm.o
 .debug_ranges  0x00000ba8      0x100 build/obj/serial_usb.o
 .debug_ranges  0x00000ca8       0x58 build/obj/stm32_dma.o
 .debug_ranges  0x00000d00       0x38 build/obj/hal_lld.o
 .debug_ranges  0x00000d38      0x258 build/obj/i2c_lld.o
 .debug_ranges  0x00000f90       0x48 build/obj/icu_lld.o
 .debug_ranges  0x00000fd8       0x68 build/obj/spi_lld.o
 .debug_ranges  0x00001040       0x18 build/obj/pal_lld.o
 .debug_ranges  0x00001058      0x1b8 build/obj/usb_lld.o
 .debug_ranges  0x00001210       0x18 build/obj/board.o
 .debug_ranges  0x00001228       0x18 build/obj/chprintf.o
 .debug_ranges  0x00001240       0x30 build/obj/main.o
 .debug_ranges  0x00001270       0x10 build/obj/i2c_setup.o
 .debug_ranges  0x00001280       0x18 build/obj/blctrl20.o

.debug_line     0x00000000     0x7510
 .debug_line    0x00000000      0x185 build/obj/crt0.o
 .debug_line    0x00000185       0xfd build/obj/vectors.o
 .debug_line    0x00000282       0x6b build/obj/chcore.o
 .debug_line    0x000002ed      0x270 build/obj/chcore_v7m.o
 .debug_line    0x0000055d      0x13b build/obj/nvic.o
 .debug_line    0x00000698      0x291 build/obj/chsys.o
 .debug_line    0x00000929      0x36c build/obj/chdebug.o
 .debug_line    0x00000c95      0x1fd build/obj/chvt.o
 .debug_line    0x00000e92      0x33e build/obj/chschd.o
 .debug_line    0x000011d0      0x45c build/obj/chthreads.o
 .debug_line    0x0000162c      0x261 build/obj/chregistry.o
 .debug_line    0x0000188d      0x3e8 build/obj/chmtx.o
 .debug_line    0x00001c75      0x39d build/obj/chevents.o
 .debug_line    0x00002012      0x432 build/obj/chqueues.o
 .debug_line    0x00002444      0x1e0 build/obj/chmemcore.o
 .debug_line    0x00002624      0x31e build/obj/chheap.o
 .debug_line    0x00002942      0x350 build/obj/hal.o
 .debug_line    0x00002c92      0x48a build/obj/i2c.o
 .debug_line    0x0000311c      0x2a8 build/obj/icu.o
 .debug_line    0x000033c4      0x649 build/obj/spi.o
 .debug_line    0x00003a0d      0x577 build/obj/usb.o
 .debug_line    0x00003f84      0x262 build/obj/tm.o
 .debug_line    0x000041e6      0x559 build/obj/serial_usb.o
 .debug_line    0x0000473f      0x36b build/obj/stm32_dma.o
 .debug_line    0x00004aaa      0x228 build/obj/hal_lld.o
 .debug_line    0x00004cd2      0x65f build/obj/i2c_lld.o
 .debug_line    0x00005331      0x371 build/obj/icu_lld.o
 .debug_line    0x000056a2      0x4f5 build/obj/spi_lld.o
 .debug_line    0x00005b97      0x255 build/obj/pal_lld.o
 .debug_line    0x00005dec      0x62e build/obj/usb_lld.o
 .debug_line    0x0000641a      0x1e6 build/obj/board.o
 .debug_line    0x00006600      0x371 build/obj/chprintf.o
 .debug_line    0x00006971      0x594 build/obj/main.o
 .debug_line    0x00006f05      0x2db build/obj/i2c_setup.o
 .debug_line    0x000071e0      0x330 build/obj/blctrl20.o

.debug_str      0x00000000     0x30eb
 .debug_str     0x00000000      0x1f7 build/obj/crt0.o
                                0x236 (size before relaxing)
 .debug_str     0x000001f7      0x14e build/obj/vectors.o
                                0x24d (size before relaxing)
 .debug_str     0x00000345       0x45 build/obj/chcore.o
                                0x120 (size before relaxing)
 .debug_str     0x0000038a      0x382 build/obj/chcore_v7m.o
                                0x48a (size before relaxing)
 .debug_str     0x0000070c       0xae build/obj/nvic.o
                                0x21f (size before relaxing)
 .debug_str     0x000007ba      0x252 build/obj/chsys.o
                                0x51d (size before relaxing)
 .debug_str     0x00000a0c      0x113 build/obj/chdebug.o
                                0x4c0 (size before relaxing)
 .debug_str     0x00000b1f       0x64 build/obj/chvt.o
                                0x1e0 (size before relaxing)
 .debug_str     0x00000b83       0xbe build/obj/chschd.o
                                0x40e (size before relaxing)
 .debug_str     0x00000c41      0x107 build/obj/chthreads.o
                                0x4da (size before relaxing)
 .debug_str     0x00000d48       0x5a build/obj/chregistry.o
                                0x436 (size before relaxing)
 .debug_str     0x00000da2       0xa2 build/obj/chmtx.o
                                0x3de (size before relaxing)
 .debug_str     0x00000e44      0x191 build/obj/chevents.o
                                0x4bc (size before relaxing)
 .debug_str     0x00000fd5      0x137 build/obj/chqueues.o
                                0x45d (size before relaxing)
 .debug_str     0x0000110c       0x88 build/obj/chmemcore.o
                                0x1bc (size before relaxing)
 .debug_str     0x00001194       0xc5 build/obj/chheap.o
                                0x36d (size before relaxing)
 .debug_str     0x00001259      0x15d build/obj/hal.o
                                0x266 (size before relaxing)
 .debug_str     0x000013b6      0x32c build/obj/i2c.o
                                0x624 (size before relaxing)
 .debug_str     0x000016e2      0x224 build/obj/icu.o
                                0x371 (size before relaxing)
 .debug_str     0x00001906      0x24b build/obj/spi.o
                                0x656 (size before relaxing)
 .debug_str     0x00001b51      0x589 build/obj/usb.o
                                0x739 (size before relaxing)
 .debug_str     0x000020da       0x7f build/obj/tm.o
                                0x1dc (size before relaxing)
 .debug_str     0x00002159      0x243 build/obj/serial_usb.o
                                0x9aa (size before relaxing)
 .debug_str     0x0000239c      0x436 build/obj/stm32_dma.o
                                0x627 (size before relaxing)
 .debug_str     0x000027d2       0xd7 build/obj/hal_lld.o
                                0x279 (size before relaxing)
 .debug_str     0x000028a9      0x158 build/obj/i2c_lld.o
                                0xb79 (size before relaxing)
 .debug_str     0x00002a01       0x7e build/obj/icu_lld.o
                                0x6dc (size before relaxing)
 .debug_str     0x00002a7f       0xb0 build/obj/spi_lld.o
                                0x668 (size before relaxing)
 .debug_str     0x00002b2f       0x6c build/obj/pal_lld.o
                                0x23f (size before relaxing)
 .debug_str     0x00002b9b      0x10d build/obj/usb_lld.o
                                0x7d5 (size before relaxing)
 .debug_str     0x00002ca8       0x3f build/obj/board.o
                                0x1b3 (size before relaxing)
 .debug_str     0x00002ce7       0xe4 build/obj/chprintf.o
                                0x238 (size before relaxing)
 .debug_str     0x00002dcb      0x2de build/obj/main.o
                                0xedf (size before relaxing)
 .debug_str     0x000030a9       0x13 build/obj/i2c_setup.o
                                0x547 (size before relaxing)
 .debug_str     0x000030bc       0x2f build/obj/blctrl20.o
                                0x573 (size before relaxing)

.comment        0x00000000       0x70
 .comment       0x00000000       0x70 build/obj/crt0.o
                                 0x71 (size before relaxing)
 .comment       0x00000000       0x71 build/obj/vectors.o
 .comment       0x00000000       0x71 build/obj/chcore.o
 .comment       0x00000000       0x71 build/obj/chcore_v7m.o
 .comment       0x00000000       0x71 build/obj/nvic.o
 .comment       0x00000000       0x71 build/obj/chsys.o
 .comment       0x00000000       0x71 build/obj/chdebug.o
 .comment       0x00000000       0x71 build/obj/chvt.o
 .comment       0x00000000       0x71 build/obj/chschd.o
 .comment       0x00000000       0x71 build/obj/chthreads.o
 .comment       0x00000000       0x71 build/obj/chregistry.o
 .comment       0x00000000       0x71 build/obj/chmtx.o
 .comment       0x00000000       0x71 build/obj/chevents.o
 .comment       0x00000000       0x71 build/obj/chqueues.o
 .comment       0x00000000       0x71 build/obj/chmemcore.o
 .comment       0x00000000       0x71 build/obj/chheap.o
 .comment       0x00000000       0x71 build/obj/hal.o
 .comment       0x00000000       0x71 build/obj/i2c.o
 .comment       0x00000000       0x71 build/obj/icu.o
 .comment       0x00000000       0x71 build/obj/spi.o
 .comment       0x00000000       0x71 build/obj/usb.o
 .comment       0x00000000       0x71 build/obj/tm.o
 .comment       0x00000000       0x71 build/obj/serial_usb.o
 .comment       0x00000000       0x71 build/obj/stm32_dma.o
 .comment       0x00000000       0x71 build/obj/hal_lld.o
 .comment       0x00000000       0x71 build/obj/i2c_lld.o
 .comment       0x00000000       0x71 build/obj/icu_lld.o
 .comment       0x00000000       0x71 build/obj/spi_lld.o
 .comment       0x00000000       0x71 build/obj/pal_lld.o
 .comment       0x00000000       0x71 build/obj/usb_lld.o
 .comment       0x00000000       0x71 build/obj/board.o
 .comment       0x00000000       0x71 build/obj/chprintf.o
 .comment       0x00000000       0x71 build/obj/main.o
 .comment       0x00000000       0x71 build/obj/i2c_setup.o
 .comment       0x00000000       0x71 build/obj/blctrl20.o

.ARM.attributes
                0x00000000       0x33
 .ARM.attributes
                0x00000000       0x33 build/obj/crt0.o
 .ARM.attributes
                0x00000033       0x33 build/obj/vectors.o
 .ARM.attributes
                0x00000066       0x33 build/obj/chcore.o
 .ARM.attributes
                0x00000099       0x33 build/obj/chcore_v7m.o
 .ARM.attributes
                0x000000cc       0x33 build/obj/nvic.o
 .ARM.attributes
                0x000000ff       0x33 build/obj/chsys.o
 .ARM.attributes
                0x00000132       0x33 build/obj/chdebug.o
 .ARM.attributes
                0x00000165       0x33 build/obj/chvt.o
 .ARM.attributes
                0x00000198       0x33 build/obj/chschd.o
 .ARM.attributes
                0x000001cb       0x33 build/obj/chthreads.o
 .ARM.attributes
                0x000001fe       0x33 build/obj/chregistry.o
 .ARM.attributes
                0x00000231       0x33 build/obj/chmtx.o
 .ARM.attributes
                0x00000264       0x33 build/obj/chevents.o
 .ARM.attributes
                0x00000297       0x33 build/obj/chqueues.o
 .ARM.attributes
                0x000002ca       0x33 build/obj/chmemcore.o
 .ARM.attributes
                0x000002fd       0x33 build/obj/chheap.o
 .ARM.attributes
                0x00000330       0x33 build/obj/hal.o
 .ARM.attributes
                0x00000363       0x33 build/obj/i2c.o
 .ARM.attributes
                0x00000396       0x33 build/obj/icu.o
 .ARM.attributes
                0x000003c9       0x33 build/obj/spi.o
 .ARM.attributes
                0x000003fc       0x33 build/obj/usb.o
 .ARM.attributes
                0x0000042f       0x33 build/obj/tm.o
 .ARM.attributes
                0x00000462       0x33 build/obj/serial_usb.o
 .ARM.attributes
                0x00000495       0x33 build/obj/stm32_dma.o
 .ARM.attributes
                0x000004c8       0x33 build/obj/hal_lld.o
 .ARM.attributes
                0x000004fb       0x33 build/obj/i2c_lld.o
 .ARM.attributes
                0x0000052e       0x33 build/obj/icu_lld.o
 .ARM.attributes
                0x00000561       0x33 build/obj/spi_lld.o
 .ARM.attributes
                0x00000594       0x33 build/obj/pal_lld.o
 .ARM.attributes
                0x000005c7       0x33 build/obj/usb_lld.o
 .ARM.attributes
                0x000005fa       0x33 build/obj/board.o
 .ARM.attributes
                0x0000062d       0x33 build/obj/chprintf.o
 .ARM.attributes
                0x00000660       0x33 build/obj/main.o
 .ARM.attributes
                0x00000693       0x33 build/obj/i2c_setup.o
 .ARM.attributes
                0x000006c6       0x33 build/obj/blctrl20.o
 .ARM.attributes
                0x000006f9       0x1d /home/formica/toolchains/gcc-arm-none-eabi-4_7-2012q4/bin/../lib/gcc/arm-none-eabi/4.7.3/armv7-m/libgcc.a(_arm_addsubdf3.o)
 .ARM.attributes
                0x00000716       0x1d /home/formica/toolchains/gcc-arm-none-eabi-4_7-2012q4/bin/../lib/gcc/arm-none-eabi/4.7.3/armv7-m/libgcc.a(_arm_muldivdf3.o)
 .ARM.attributes
                0x00000733       0x1d /home/formica/toolchains/gcc-arm-none-eabi-4_7-2012q4/bin/../lib/gcc/arm-none-eabi/4.7.3/armv7-m/libgcc.a(_arm_truncdfsf2.o)
 .ARM.attributes
                0x00000750       0x1d /home/formica/toolchains/gcc-arm-none-eabi-4_7-2012q4/bin/../lib/gcc/arm-none-eabi/4.7.3/armv7-m/libgcc.a(_arm_addsubsf3.o)
 .ARM.attributes
                0x0000076d       0x1d /home/formica/toolchains/gcc-arm-none-eabi-4_7-2012q4/bin/../lib/gcc/arm-none-eabi/4.7.3/armv7-m/libgcc.a(_arm_muldivsf3.o)
 .ARM.attributes
                0x0000078a       0x1d /home/formica/toolchains/gcc-arm-none-eabi-4_7-2012q4/bin/../lib/gcc/arm-none-eabi/4.7.3/armv7-m/libgcc.a(_arm_fixsfsi.o)
 .ARM.attributes
                0x000007a7       0x2d /home/formica/toolchains/gcc-arm-none-eabi-4_7-2012q4/bin/../lib/gcc/arm-none-eabi/4.7.3/../../../../arm-none-eabi/lib/armv7-m/libc.a(lib_a-memset.o)

.debug_frame    0x00000000     0x1d90
 .debug_frame   0x00000000       0x50 build/obj/crt0.o
 .debug_frame   0x00000050       0x20 build/obj/vectors.o
 .debug_frame   0x00000070       0x20 build/obj/chcore.o
 .debug_frame   0x00000090       0xa4 build/obj/chcore_v7m.o
 .debug_frame   0x00000134       0x5c build/obj/nvic.o
 .debug_frame   0x00000190       0x60 build/obj/chsys.o
 .debug_frame   0x000001f0      0x140 build/obj/chdebug.o
 .debug_frame   0x00000330       0x74 build/obj/chvt.o
 .debug_frame   0x000003a4       0xec build/obj/chschd.o
 .debug_frame   0x00000490      0x1ac build/obj/chthreads.o
 .debug_frame   0x0000063c       0x4c build/obj/chregistry.o
 .debug_frame   0x00000688      0x108 build/obj/chmtx.o
 .debug_frame   0x00000790      0x200 build/obj/chevents.o
 .debug_frame   0x00000990      0x180 build/obj/chqueues.o
 .debug_frame   0x00000b10       0x68 build/obj/chmemcore.o
 .debug_frame   0x00000b78       0xb0 build/obj/chheap.o
 .debug_frame   0x00000c28       0x4c build/obj/hal.o
 .debug_frame   0x00000c74      0x114 build/obj/i2c.o
 .debug_frame   0x00000d88       0xa4 build/obj/icu.o
 .debug_frame   0x00000e2c      0x1ec build/obj/spi.o
 .debug_frame   0x00001018      0x1cc build/obj/usb.o
 .debug_frame   0x000011e4       0x5c build/obj/tm.o
 .debug_frame   0x00001240      0x1dc build/obj/serial_usb.o
 .debug_frame   0x0000141c      0x144 build/obj/stm32_dma.o
 .debug_frame   0x00001560       0x3c build/obj/hal_lld.o
 .debug_frame   0x0000159c      0x198 build/obj/i2c_lld.o
 .debug_frame   0x00001734       0xe0 build/obj/icu_lld.o
 .debug_frame   0x00001814      0x140 build/obj/spi_lld.o
 .debug_frame   0x00001954       0x48 build/obj/pal_lld.o
 .debug_frame   0x0000199c      0x20c build/obj/usb_lld.o
 .debug_frame   0x00001ba8       0x30 build/obj/board.o
 .debug_frame   0x00001bd8       0x70 build/obj/chprintf.o
 .debug_frame   0x00001c48       0xac build/obj/main.o
 .debug_frame   0x00001cf4       0x2c build/obj/i2c_setup.o
 .debug_frame   0x00001d20       0x44 build/obj/blctrl20.o
 .debug_frame   0x00001d64       0x2c /home/formica/toolchains/gcc-arm-none-eabi-4_7-2012q4/bin/../lib/gcc/arm-none-eabi/4.7.3/../../../../arm-none-eabi/lib/armv7-m/libc.a(lib_a-memset.o)

.debug_loc      0x00000000     0xc3ab
 .debug_loc     0x00000000      0x12c build/obj/chcore_v7m.o
 .debug_loc     0x0000012c      0x1c9 build/obj/nvic.o
 .debug_loc     0x000002f5       0xb1 build/obj/chsys.o
 .debug_loc     0x000003a6      0x22c build/obj/chdebug.o
 .debug_loc     0x000005d2      0x15e build/obj/chvt.o
 .debug_loc     0x00000730      0x270 build/obj/chschd.o
 .debug_loc     0x000009a0      0x6b2 build/obj/chthreads.o
 .debug_loc     0x00001052       0xc9 build/obj/chregistry.o
 .debug_loc     0x0000111b      0x4f6 build/obj/chmtx.o
 .debug_loc     0x00001611      0x956 build/obj/chevents.o
 .debug_loc     0x00001f67      0x8e3 build/obj/chqueues.o
 .debug_loc     0x0000284a      0x10b build/obj/chmemcore.o
 .debug_loc     0x00002955      0x313 build/obj/chheap.o
 .debug_loc     0x00002c68       0x94 build/obj/hal.o
 .debug_loc     0x00002cfc      0x505 build/obj/i2c.o
 .debug_loc     0x00003201      0x21c build/obj/icu.o
 .debug_loc     0x0000341d      0x945 build/obj/spi.o
 .debug_loc     0x00003d62      0x8e9 build/obj/usb.o
 .debug_loc     0x0000464b       0x99 build/obj/tm.o
 .debug_loc     0x000046e4      0x86b build/obj/serial_usb.o
 .debug_loc     0x00004f4f      0x34f build/obj/stm32_dma.o
 .debug_loc     0x0000529e       0x20 build/obj/hal_lld.o
 .debug_loc     0x000052be      0x9cb build/obj/i2c_lld.o
 .debug_loc     0x00005c89      0x1af build/obj/icu_lld.o
 .debug_loc     0x00005e38      0x4ac build/obj/spi_lld.o
 .debug_loc     0x000062e4     0x4bfe build/obj/pal_lld.o
 .debug_loc     0x0000aee2      0xa90 build/obj/usb_lld.o
 .debug_loc     0x0000b972      0x6f6 build/obj/chprintf.o
 .debug_loc     0x0000c068      0x296 build/obj/main.o
 .debug_loc     0x0000c2fe       0x20 build/obj/i2c_setup.o
 .debug_loc     0x0000c31e       0x8d build/obj/blctrl20.o

Cross Reference Table

Symbol                                            File
BusFaultVector                                    build/obj/vectors.o
DebugMonitorVector                                build/obj/vectors.o
HardFaultVector                                   build/obj/vectors.o
I2CD1                                             build/obj/i2c_lld.o
                                                  build/obj/blctrl20.o
                                                  build/obj/i2c_setup.o
ICUD1                                             build/obj/icu_lld.o
                                                  build/obj/main.o
KD                                                build/obj/main.o
KI                                                build/obj/main.o
KP                                                build/obj/main.o
MemManageVector                                   build/obj/vectors.o
NMIVector                                         build/obj/vectors.o
PendSVVector                                      build/obj/vectors.o
Pitch                                             build/obj/main.o
ResetHandler                                      build/obj/crt0.o
                                                  build/obj/vectors.o
Roll                                              build/obj/main.o
SPID2                                             build/obj/spi_lld.o
                                                  build/obj/main.o
SVCallVector                                      build/obj/chcore_v7m.o
                                                  build/obj/vectors.o
SysTickVector                                     build/obj/chcore_v7m.o
                                                  build/obj/vectors.o
TestThread                                        build/obj/test.o
USBD1                                             build/obj/usb_lld.o
                                                  build/obj/main.o
UsageFaultVector                                  build/obj/vectors.o
Vector1C                                          build/obj/vectors.o
Vector20                                          build/obj/vectors.o
Vector24                                          build/obj/vectors.o
Vector28                                          build/obj/vectors.o
Vector34                                          build/obj/vectors.o
Vector40                                          build/obj/vectors.o
Vector44                                          build/obj/vectors.o
Vector48                                          build/obj/vectors.o
Vector4C                                          build/obj/vectors.o
Vector50                                          build/obj/vectors.o
Vector54                                          build/obj/vectors.o
Vector58                                          build/obj/vectors.o
Vector5C                                          build/obj/vectors.o
Vector60                                          build/obj/vectors.o
Vector64                                          build/obj/vectors.o
Vector68                                          build/obj/vectors.o
Vector6C                                          build/obj/stm32_dma.o
                                                  build/obj/vectors.o
Vector70                                          build/obj/stm32_dma.o
                                                  build/obj/vectors.o
Vector74                                          build/obj/stm32_dma.o
                                                  build/obj/vectors.o
Vector78                                          build/obj/stm32_dma.o
                                                  build/obj/vectors.o
Vector7C                                          build/obj/stm32_dma.o
                                                  build/obj/vectors.o
Vector80                                          build/obj/stm32_dma.o
                                                  build/obj/vectors.o
Vector84                                          build/obj/stm32_dma.o
                                                  build/obj/vectors.o
Vector88                                          build/obj/vectors.o
Vector8C                                          build/obj/usb_lld.o
                                                  build/obj/vectors.o
Vector90                                          build/obj/usb_lld.o
                                                  build/obj/vectors.o
Vector94                                          build/obj/vectors.o
Vector98                                          build/obj/vectors.o
Vector9C                                          build/obj/vectors.o
VectorA0                                          build/obj/vectors.o
VectorA4                                          build/obj/icu_lld.o
                                                  build/obj/vectors.o
VectorA8                                          build/obj/vectors.o
VectorAC                                          build/obj/icu_lld.o
                                                  build/obj/vectors.o
VectorB0                                          build/obj/vectors.o
VectorB4                                          build/obj/vectors.o
VectorB8                                          build/obj/vectors.o
VectorBC                                          build/obj/i2c_lld.o
                                                  build/obj/vectors.o
VectorC0                                          build/obj/i2c_lld.o
                                                  build/obj/vectors.o
VectorC4                                          build/obj/vectors.o
VectorC8                                          build/obj/vectors.o
VectorCC                                          build/obj/vectors.o
VectorD0                                          build/obj/vectors.o
VectorD4                                          build/obj/vectors.o
VectorD8                                          build/obj/vectors.o
VectorDC                                          build/obj/vectors.o
VectorE0                                          build/obj/vectors.o
VectorE4                                          build/obj/vectors.o
VectorE8                                          build/obj/vectors.o
Yaw                                               build/obj/main.o
__adddf3                                          /home/formica/toolchains/gcc-arm-none-eabi-4_7-2012q4/bin/../lib/gcc/arm-none-eabi/4.7.3/armv7-m/libgcc.a(_arm_addsubdf3.o)
__addsf3                                          /home/formica/toolchains/gcc-arm-none-eabi-4_7-2012q4/bin/../lib/gcc/arm-none-eabi/4.7.3/armv7-m/libgcc.a(_arm_addsubsf3.o)
__aeabi_d2f                                       /home/formica/toolchains/gcc-arm-none-eabi-4_7-2012q4/bin/../lib/gcc/arm-none-eabi/4.7.3/armv7-m/libgcc.a(_arm_truncdfsf2.o)
                                                  build/obj/main.o
__aeabi_dadd                                      /home/formica/toolchains/gcc-arm-none-eabi-4_7-2012q4/bin/../lib/gcc/arm-none-eabi/4.7.3/armv7-m/libgcc.a(_arm_addsubdf3.o)
                                                  build/obj/main.o
__aeabi_ddiv                                      /home/formica/toolchains/gcc-arm-none-eabi-4_7-2012q4/bin/../lib/gcc/arm-none-eabi/4.7.3/armv7-m/libgcc.a(_arm_muldivdf3.o)
                                                  build/obj/main.o
__aeabi_dmul                                      /home/formica/toolchains/gcc-arm-none-eabi-4_7-2012q4/bin/../lib/gcc/arm-none-eabi/4.7.3/armv7-m/libgcc.a(_arm_muldivdf3.o)
                                                  build/obj/main.o
__aeabi_drsub                                     /home/formica/toolchains/gcc-arm-none-eabi-4_7-2012q4/bin/../lib/gcc/arm-none-eabi/4.7.3/armv7-m/libgcc.a(_arm_addsubdf3.o)
__aeabi_dsub                                      /home/formica/toolchains/gcc-arm-none-eabi-4_7-2012q4/bin/../lib/gcc/arm-none-eabi/4.7.3/armv7-m/libgcc.a(_arm_addsubdf3.o)
__aeabi_f2d                                       /home/formica/toolchains/gcc-arm-none-eabi-4_7-2012q4/bin/../lib/gcc/arm-none-eabi/4.7.3/armv7-m/libgcc.a(_arm_addsubdf3.o)
                                                  build/obj/main.o
__aeabi_f2iz                                      /home/formica/toolchains/gcc-arm-none-eabi-4_7-2012q4/bin/../lib/gcc/arm-none-eabi/4.7.3/armv7-m/libgcc.a(_arm_fixsfsi.o)
                                                  build/obj/main.o
__aeabi_fadd                                      /home/formica/toolchains/gcc-arm-none-eabi-4_7-2012q4/bin/../lib/gcc/arm-none-eabi/4.7.3/armv7-m/libgcc.a(_arm_addsubsf3.o)
                                                  build/obj/main.o
__aeabi_fdiv                                      /home/formica/toolchains/gcc-arm-none-eabi-4_7-2012q4/bin/../lib/gcc/arm-none-eabi/4.7.3/armv7-m/libgcc.a(_arm_muldivsf3.o)
__aeabi_fmul                                      /home/formica/toolchains/gcc-arm-none-eabi-4_7-2012q4/bin/../lib/gcc/arm-none-eabi/4.7.3/armv7-m/libgcc.a(_arm_muldivsf3.o)
                                                  build/obj/main.o
__aeabi_frsub                                     /home/formica/toolchains/gcc-arm-none-eabi-4_7-2012q4/bin/../lib/gcc/arm-none-eabi/4.7.3/armv7-m/libgcc.a(_arm_addsubsf3.o)
__aeabi_fsub                                      /home/formica/toolchains/gcc-arm-none-eabi-4_7-2012q4/bin/../lib/gcc/arm-none-eabi/4.7.3/armv7-m/libgcc.a(_arm_addsubsf3.o)
                                                  build/obj/main.o
__aeabi_i2d                                       /home/formica/toolchains/gcc-arm-none-eabi-4_7-2012q4/bin/../lib/gcc/arm-none-eabi/4.7.3/armv7-m/libgcc.a(_arm_addsubdf3.o)
__aeabi_i2f                                       /home/formica/toolchains/gcc-arm-none-eabi-4_7-2012q4/bin/../lib/gcc/arm-none-eabi/4.7.3/armv7-m/libgcc.a(_arm_addsubsf3.o)
                                                  build/obj/main.o
__aeabi_l2d                                       /home/formica/toolchains/gcc-arm-none-eabi-4_7-2012q4/bin/../lib/gcc/arm-none-eabi/4.7.3/armv7-m/libgcc.a(_arm_addsubdf3.o)
__aeabi_l2f                                       /home/formica/toolchains/gcc-arm-none-eabi-4_7-2012q4/bin/../lib/gcc/arm-none-eabi/4.7.3/armv7-m/libgcc.a(_arm_addsubsf3.o)
__aeabi_ui2d                                      /home/formica/toolchains/gcc-arm-none-eabi-4_7-2012q4/bin/../lib/gcc/arm-none-eabi/4.7.3/armv7-m/libgcc.a(_arm_addsubdf3.o)
__aeabi_ui2f                                      /home/formica/toolchains/gcc-arm-none-eabi-4_7-2012q4/bin/../lib/gcc/arm-none-eabi/4.7.3/armv7-m/libgcc.a(_arm_addsubsf3.o)
__aeabi_ul2d                                      /home/formica/toolchains/gcc-arm-none-eabi-4_7-2012q4/bin/../lib/gcc/arm-none-eabi/4.7.3/armv7-m/libgcc.a(_arm_addsubdf3.o)
__aeabi_ul2f                                      /home/formica/toolchains/gcc-arm-none-eabi-4_7-2012q4/bin/../lib/gcc/arm-none-eabi/4.7.3/armv7-m/libgcc.a(_arm_addsubsf3.o)
__ctype_ptr__                                     /home/formica/toolchains/gcc-arm-none-eabi-4_7-2012q4/bin/../lib/gcc/arm-none-eabi/4.7.3/../../../../arm-none-eabi/lib/armv7-m/libc.a(lib_a-ctype_.o)
                                                  /home/formica/toolchains/gcc-arm-none-eabi-4_7-2012q4/bin/../lib/gcc/arm-none-eabi/4.7.3/../../../../arm-none-eabi/lib/armv7-m/libc.a(lib_a-strcasecmp.o)
__divdf3                                          /home/formica/toolchains/gcc-arm-none-eabi-4_7-2012q4/bin/../lib/gcc/arm-none-eabi/4.7.3/armv7-m/libgcc.a(_arm_muldivdf3.o)
__divsf3                                          /home/formica/toolchains/gcc-arm-none-eabi-4_7-2012q4/bin/../lib/gcc/arm-none-eabi/4.7.3/armv7-m/libgcc.a(_arm_muldivsf3.o)
__early_init                                      build/obj/board.o
                                                  build/obj/crt0.o
__extendsfdf2                                     /home/formica/toolchains/gcc-arm-none-eabi-4_7-2012q4/bin/../lib/gcc/arm-none-eabi/4.7.3/armv7-m/libgcc.a(_arm_addsubdf3.o)
__fini_array_end                                  build/obj/crt0.o
__fini_array_start                                build/obj/crt0.o
__fixsfsi                                         /home/formica/toolchains/gcc-arm-none-eabi-4_7-2012q4/bin/../lib/gcc/arm-none-eabi/4.7.3/armv7-m/libgcc.a(_arm_fixsfsi.o)
__floatdidf                                       /home/formica/toolchains/gcc-arm-none-eabi-4_7-2012q4/bin/../lib/gcc/arm-none-eabi/4.7.3/armv7-m/libgcc.a(_arm_addsubdf3.o)
__floatdisf                                       /home/formica/toolchains/gcc-arm-none-eabi-4_7-2012q4/bin/../lib/gcc/arm-none-eabi/4.7.3/armv7-m/libgcc.a(_arm_addsubsf3.o)
__floatsidf                                       /home/formica/toolchains/gcc-arm-none-eabi-4_7-2012q4/bin/../lib/gcc/arm-none-eabi/4.7.3/armv7-m/libgcc.a(_arm_addsubdf3.o)
__floatsisf                                       /home/formica/toolchains/gcc-arm-none-eabi-4_7-2012q4/bin/../lib/gcc/arm-none-eabi/4.7.3/armv7-m/libgcc.a(_arm_addsubsf3.o)
__floatundidf                                     /home/formica/toolchains/gcc-arm-none-eabi-4_7-2012q4/bin/../lib/gcc/arm-none-eabi/4.7.3/armv7-m/libgcc.a(_arm_addsubdf3.o)
__floatundisf                                     /home/formica/toolchains/gcc-arm-none-eabi-4_7-2012q4/bin/../lib/gcc/arm-none-eabi/4.7.3/armv7-m/libgcc.a(_arm_addsubsf3.o)
__floatunsidf                                     /home/formica/toolchains/gcc-arm-none-eabi-4_7-2012q4/bin/../lib/gcc/arm-none-eabi/4.7.3/armv7-m/libgcc.a(_arm_addsubdf3.o)
__floatunsisf                                     /home/formica/toolchains/gcc-arm-none-eabi-4_7-2012q4/bin/../lib/gcc/arm-none-eabi/4.7.3/armv7-m/libgcc.a(_arm_addsubsf3.o)
__heap_base__                                     build/obj/chmemcore.o
__heap_end__                                      build/obj/chmemcore.o
__init_array_end                                  build/obj/crt0.o
__init_array_start                                build/obj/crt0.o
__late_init                                       build/obj/crt0.o
__main_stack_base__                               build/obj/crt0.o
__main_stack_end__                                build/obj/vectors.o
                                                  build/obj/crt0.o
__main_thread_stack_base__                        build/obj/chsys.o
__muldf3                                          /home/formica/toolchains/gcc-arm-none-eabi-4_7-2012q4/bin/../lib/gcc/arm-none-eabi/4.7.3/armv7-m/libgcc.a(_arm_muldivdf3.o)
__mulsf3                                          /home/formica/toolchains/gcc-arm-none-eabi-4_7-2012q4/bin/../lib/gcc/arm-none-eabi/4.7.3/armv7-m/libgcc.a(_arm_muldivsf3.o)
__process_stack_base__                            build/obj/crt0.o
__process_stack_end__                             build/obj/crt0.o
__subdf3                                          /home/formica/toolchains/gcc-arm-none-eabi-4_7-2012q4/bin/../lib/gcc/arm-none-eabi/4.7.3/armv7-m/libgcc.a(_arm_addsubdf3.o)
__subsf3                                          /home/formica/toolchains/gcc-arm-none-eabi-4_7-2012q4/bin/../lib/gcc/arm-none-eabi/4.7.3/armv7-m/libgcc.a(_arm_addsubsf3.o)
__truncdfsf2                                      /home/formica/toolchains/gcc-arm-none-eabi-4_7-2012q4/bin/../lib/gcc/arm-none-eabi/4.7.3/armv7-m/libgcc.a(_arm_truncdfsf2.o)
_bss_end                                          build/obj/crt0.o
_bss_start                                        build/obj/crt0.o
_core_init                                        build/obj/chmemcore.o
                                                  build/obj/chsys.o
_ctype_                                           /home/formica/toolchains/gcc-arm-none-eabi-4_7-2012q4/bin/../lib/gcc/arm-none-eabi/4.7.3/../../../../arm-none-eabi/lib/armv7-m/libc.a(lib_a-ctype_.o)
_data                                             build/obj/crt0.o
_default_exit                                     build/obj/crt0.o
_edata                                            build/obj/crt0.o
_heap_init                                        build/obj/chheap.o
                                                  build/obj/chsys.o
_idle_thread                                      build/obj/chsys.o
_idle_thread_wa                                   build/obj/chsys.o
_pal_lld_init                                     build/obj/pal_lld.o
                                                  build/obj/hal.o
_pal_lld_setgroupmode                             build/obj/pal_lld.o
                                                  build/obj/i2c_setup.o
                                                  build/obj/main.o
                                                  build/obj/pal.o
_port_init                                        build/obj/chcore_v7m.o
                                                  build/obj/chsys.o
_port_irq_epilogue                                build/obj/chcore_v7m.o
                                                  build/obj/usb_lld.o
                                                  build/obj/icu_lld.o
                                                  build/obj/i2c_lld.o
                                                  build/obj/stm32_dma.o
_port_switch                                      build/obj/chcore_v7m.o
                                                  build/obj/chschd.o
_port_switch_from_isr                             build/obj/chcore_v7m.o
_port_thread_start                                build/obj/chcore_v7m.o
                                                  build/obj/chthreads.o
_scheduler_init                                   build/obj/chschd.o
                                                  build/obj/chsys.o
_stm32_dma_streams                                build/obj/stm32_dma.o
                                                  build/obj/spi_lld.o
                                                  build/obj/i2c_lld.o
_test_assert                                      build/obj/test.o
                                                  build/obj/testqueues.o
                                                  build/obj/testdyn.o
                                                  build/obj/testpools.o
                                                  build/obj/testheap.o
                                                  build/obj/testevt.o
                                                  build/obj/testmbox.o
                                                  build/obj/testmtx.o
                                                  build/obj/testsem.o
                                                  build/obj/testthd.o
_test_assert_sequence                             build/obj/test.o
                                                  build/obj/testqueues.o
                                                  build/obj/testdyn.o
                                                  build/obj/testevt.o
                                                  build/obj/testmbox.o
                                                  build/obj/testmsg.o
                                                  build/obj/testmtx.o
                                                  build/obj/testsem.o
                                                  build/obj/testthd.o
_test_assert_time_window                          build/obj/test.o
                                                  build/obj/testevt.o
                                                  build/obj/testmtx.o
                                                  build/obj/testsem.o
                                                  build/obj/testthd.o
_test_fail                                        build/obj/test.o
_textdata                                         build/obj/crt0.o
_thread_init                                      build/obj/chthreads.o
                                                  build/obj/chsys.o
_thread_memfill                                   build/obj/chthreads.o
                                                  build/obj/chdynamic.o
_trace_init                                       build/obj/chdebug.o
                                                  build/obj/chsys.o
_unhandled_exception                              build/obj/vectors.o
_usb_ep0in                                        build/obj/usb.o
                                                  build/obj/usb_lld.o
_usb_ep0out                                       build/obj/usb.o
                                                  build/obj/usb_lld.o
_usb_ep0setup                                     build/obj/usb.o
                                                  build/obj/usb_lld.o
_usb_reset                                        build/obj/usb.o
                                                  build/obj/usb_lld.o
_vectors                                          build/obj/vectors.o
_vt_init                                          build/obj/chvt.o
                                                  build/obj/chsys.o
blctrl20_init                                     build/obj/blctrl20.o
blctrl20_set_velocity                             build/obj/blctrl20.o
                                                  build/obj/main.o
boardInit                                         build/obj/board.o
                                                  build/obj/hal.o
chCondBroadcast                                   build/obj/chcond.o
                                                  build/obj/testmtx.o
chCondBroadcastI                                  build/obj/chcond.o
chCondInit                                        build/obj/chcond.o
                                                  build/obj/testmtx.o
chCondSignal                                      build/obj/chcond.o
                                                  build/obj/testmtx.o
chCondSignalI                                     build/obj/chcond.o
                                                  build/obj/testmtx.o
chCondWait                                        build/obj/chcond.o
                                                  build/obj/testmtx.o
chCondWaitS                                       build/obj/chcond.o
chCondWaitTimeout                                 build/obj/chcond.o
                                                  build/obj/testmtx.o
chCondWaitTimeoutS                                build/obj/chcond.o
chCoreAlloc                                       build/obj/chmemcore.o
                                                  build/obj/chheap.o
chCoreAllocI                                      build/obj/chmemcore.o
chCoreStatus                                      build/obj/chmemcore.o
                                                  build/obj/testheap.o
chDbgCheckClassI                                  build/obj/chdebug.o
                                                  build/obj/usb.o
                                                  build/obj/chmempools.o
                                                  build/obj/chmemcore.o
                                                  build/obj/chqueues.o
                                                  build/obj/chmboxes.o
                                                  build/obj/chevents.o
                                                  build/obj/chcond.o
                                                  build/obj/chsem.o
                                                  build/obj/chthreads.o
                                                  build/obj/chvt.o